 PhysXCooking_64

 Timestamp is 67fa899a (Sun Apr 13 00:41:14 2025)

 Preferred load address is 0000000180000000

 Start         Length     Name                   Class
 0001:00000000 00000060H .text$di                CODE
 0001:00000060 0001f3d0H .text$mn                CODE
 0001:0001f430 00000060H .text$mn$00             CODE
 0001:0001f490 00000b00H .text$mn$21             CODE
 0001:0001ff90 000006d0H .text$x                 CODE
 0002:00000000 00000280H .idata$5                DATA
 0002:00000280 00000038H .00cfg                  DATA
 0002:000002b8 00000008H .CRT$XCA                DATA
 0002:000002c0 00000030H .CRT$XCU                DATA
 0002:000002f0 00000008H .CRT$XCZ                DATA
 0002:000002f8 00000008H .CRT$XIA                DATA
 0002:00000300 00000018H .CRT$XIC                DATA
 0002:00000318 00000008H .CRT$XIZ                DATA
 0002:00000320 00000008H .CRT$XPA                DATA
 0002:00000328 00000010H .CRT$XPX                DATA
 0002:00000338 00000008H .CRT$XPXA               DATA
 0002:00000340 00000008H .CRT$XPZ                DATA
 0002:00000348 00000008H .CRT$XTA                DATA
 0002:00000350 00000010H .CRT$XTZ                DATA
 0002:00000358 00000000H .gehcont$y              DATA
 0002:00000358 00000000H .gfids$y                DATA
 0002:00000360 00008e40H .rdata                  DATA
 0002:000091a0 00000160H .rdata$00               DATA
 0002:00009300 00000000H .rdata$CastGuardVftablesA DATA
 0002:00009300 00000000H .rdata$CastGuardVftablesC DATA
 0002:00009300 0000043cH .rdata$r                DATA
 0002:0000973c 00000270H .rdata$voltmd           DATA
 0002:000099ac 0000047cH .rdata$zzzdbg           DATA
 0002:00009e28 00000008H .rtc$IAA                DATA
 0002:00009e30 00000008H .rtc$IZZ                DATA
 0002:00009e38 00000008H .rtc$TAA                DATA
 0002:00009e40 00000008H .rtc$TZZ                DATA
 0002:00009e48 00001708H .xdata                  DATA
 0002:0000b550 00000084H .xdata$x                DATA
 0002:0000b5d4 00000040H .didat$2                DATA
 0002:0000b614 00000024H .didat$3                DATA
 0002:0000b638 000000d0H .didat$4                DATA
 0002:0000b708 00000280H .didat$6                DATA
 0002:0000b988 000001e8H .didat$7                DATA
 0002:0000bb70 00000af8H .edata                  DATA
 0002:0000c668 00000014H .idata$2                DATA
 0002:0000c67c 00000014H .idata$3                DATA
 0002:0000c690 00000280H .idata$4                DATA
 0002:0000c910 000005ccH .idata$6                DATA
 0003:00000000 00000a70H .data                   DATA
 0003:00000a70 000000e0H .data$r                 DATA
 0003:00000b50 000000f0H .data$rs                DATA
 0003:00000c40 000000d0H .didat$5                DATA
 0003:00000d10 000011b0H .bss                    DATA
 0004:00000000 00001998H .pdata                  DATA
 0005:00000000 000001f4H _RDATA                  DATA
 0006:00000000 00000100H .fptable                DATA
 0007:00000000 000000a0H .rsrc$01                DATA
 0007:000000a0 000004b0H .rsrc$02                DATA

  Address         Publics by Value              Rva+Base               Lib:Object

 0000:00000000       __AbsoluteZero             0000000000000000     <absolute>
 0000:00000000       ___safe_se_handler_count   0000000000000000     <absolute>
 0000:00000000       ___safe_se_handler_table   0000000000000000     <absolute>
 0000:00000000       __arm64x_extra_rfe_table   0000000000000000     <absolute>
 0000:00000000       __arm64x_extra_rfe_table_size 0000000000000000     <absolute>
 0000:00000000       __arm64x_native_entrypoint 0000000000000000     <absolute>
 0000:00000000       __arm64x_redirection_metadata 0000000000000000     <absolute>
 0000:00000000       __arm64x_redirection_metadata_count 0000000000000000     <absolute>
 0000:00000000       __dynamic_value_reloc_table 0000000000000000     <absolute>
 0000:00000000       __enclave_config           0000000000000000     <absolute>
 0000:00000000       __guard_check_icall_a64n_fptr 0000000000000000     <absolute>
 0000:00000000       __guard_eh_cont_count      0000000000000000     <absolute>
 0000:00000000       __guard_eh_cont_table      0000000000000000     <absolute>
 0000:00000000       __guard_fids_count         0000000000000000     <absolute>
 0000:00000000       __guard_fids_table         0000000000000000     <absolute>
 0000:00000000       __guard_iat_count          0000000000000000     <absolute>
 0000:00000000       __guard_iat_table          0000000000000000     <absolute>
 0000:00000000       __guard_longjmp_count      0000000000000000     <absolute>
 0000:00000000       __guard_longjmp_table      0000000000000000     <absolute>
 0000:00000000       __hybrid_auxiliary_delayload_iat 0000000000000000     <absolute>
 0000:00000000       __hybrid_auxiliary_delayload_iat_copy 0000000000000000     <absolute>
 0000:00000000       __hybrid_auxiliary_iat     0000000000000000     <absolute>
 0000:00000000       __hybrid_auxiliary_iat_copy 0000000000000000     <absolute>
 0000:00000000       __hybrid_code_map          0000000000000000     <absolute>
 0000:00000000       __hybrid_code_map_count    0000000000000000     <absolute>
 0000:00000000       __hybrid_image_info_bitfield 0000000000000000     <absolute>
 0000:00000000       __x64_code_ranges_to_entry_points 0000000000000000     <absolute>
 0000:00000000       __x64_code_ranges_to_entry_points_count 0000000000000000     <absolute>
 0000:00000100       __guard_flags              0000000000000100     <absolute>
 0000:00000000       __ImageBase                0000000180000000     <linker-defined>
 0001:00000060       ??$copy@V?$PxReflectionAllocator@USlab@NodeAllocator@Gu@physx@@@physx@@@?$PxArray@USlab@NodeAllocator@Gu@physx@@V?$PxReflectionAllocator@USlab@NodeAllocator@Gu@physx@@@4@@physx@@IEAAXAEBV01@@Z 0000000180001060 f i Cooking.obj
 0001:000000e0       ??0AABBTreeBounds@Gu@physx@@QEAA@XZ 00000001800010e0 f i Cooking.obj
 0001:000000f0       ??0AABBTreeBuildNode@Gu@physx@@QEAA@AEBV012@@Z 00000001800010f0 f i Cooking.obj
 0001:000000f0       ??4AABBTreeBuildNode@Gu@physx@@QEAAAEAV012@AEBV012@@Z 00000001800010f0 f i Cooking.obj
 0001:00000130       ??0AABBTreeBuildNode@Gu@physx@@QEAA@XZ 0000000180001130 f i Cooking.obj
 0001:00000130       ??4PxFoundation@physx@@QEAAAEAV01@AEBV01@@Z 0000000180001130 f i Cooking.obj
 0001:00000130       ?getAABB@AABBTreeBuildNode@Gu@physx@@QEBAAEBVPxBounds3@3@XZ 0000000180001130 f i Cooking.obj
 0001:00000140       ??0AABBTreeBuildParams@Gu@physx@@QEAA@IIPEBVAABBTreeBounds@12@W4BVHBuildStrategy@12@@Z 0000000180001140 f i Cooking.obj
 0001:00000160       ??0NodeAllocator@Gu@physx@@QEAA@AEBV012@@Z 0000000180001160 f i Cooking.obj
 0001:000001a0       ??0PxFoundation@physx@@QEAA@AEBV01@@Z 00000001800011a0 f i Cooking.obj
 0001:000001a0       ??0PxFoundation@physx@@QEAA@XZ 00000001800011a0 f i Cooking.obj
 0001:000001b0       ??1AABBTreeBounds@Gu@physx@@QEAA@XZ 00000001800011b0 f i Cooking.obj
 0001:000001c0       ??1AABBTreeBuildNode@Gu@physx@@QEAA@XZ 00000001800011c0 f i Cooking.obj
 0001:000001c0       _guard_check_icall_nop     00000001800011c0 f i LIBCMT:guard_support.obj
 0001:000001d0       ??1AABBTreeBuildParams@Gu@physx@@QEAA@XZ 00000001800011d0 f i Cooking.obj
 0001:000001d0       ?reset@AABBTreeBuildParams@Gu@physx@@QEAAXXZ 00000001800011d0 f i Cooking.obj
 0001:00000220       ??1PxFoundation@physx@@MEAA@XZ 0000000180001220 f i Cooking.obj
 0001:00000230       ??4AABBTreeBounds@Gu@physx@@QEAAAEAV012@AEBV012@@Z 0000000180001230 f i Cooking.obj
 0001:00000240       ??4AABBTreeBuildParams@Gu@physx@@QEAAAEAV012@AEBV012@@Z 0000000180001240 f i Cooking.obj
 0001:00000260       ??4NodeAllocator@Gu@physx@@QEAAAEAV012@AEBV012@@Z 0000000180001260 f i Cooking.obj
 0001:00000310       ??_EPxFoundation@physx@@MEAAPEAXI@Z 0000000180001310 f i Cooking.obj
 0001:000003a0       ??_FAABBTreeBuildParams@Gu@physx@@QEAAXXZ 00000001800013a0 f i Cooking.obj
 0001:000003c0       ?allocate@?$PxArray@USlab@NodeAllocator@Gu@physx@@V?$PxReflectionAllocator@USlab@NodeAllocator@Gu@physx@@@4@@physx@@IEAAPEAUSlab@NodeAllocator@Gu@2@IPEAI@Z 00000001800013c0 f i Cooking.obj
 0001:00000450       ?getBounds@AABBTreeBounds@Gu@physx@@QEAAPEAVPxBounds3@3@XZ 0000000180001450 f i Cooking.obj
 0001:00000450       ?getBounds@AABBTreeBounds@Gu@physx@@QEBAPEBVPxBounds3@3@XZ 0000000180001450 f i Cooking.obj
 0001:00000460       ?getNbPrimitives@AABBTreeBuildNode@Gu@physx@@QEBAIXZ 0000000180001460 f i Cooking.obj
 0001:00000460       ?getNbRuntimePrimitives@AABBTreeBuildNode@Gu@physx@@QEBAIXZ 0000000180001460 f i Cooking.obj
 0001:00000470       ?getNeg@AABBTreeBuildNode@Gu@physx@@QEBAPEBV123@XZ 0000000180001470 f i Cooking.obj
 0001:00000490       ?getPos@AABBTreeBuildNode@Gu@physx@@QEBAPEBV123@XZ 0000000180001490 f i Cooking.obj
 0001:000004a0       ?getPrimitives@AABBTreeBuildNode@Gu@physx@@QEAAPEAIPEAI@Z 00000001800014a0 f i Cooking.obj
 0001:000004a0       ?getPrimitives@AABBTreeBuildNode@Gu@physx@@QEBAPEBIPEBI@Z 00000001800014a0 f i Cooking.obj
 0001:000004b0       ?isLeaf@AABBTreeBuildNode@Gu@physx@@QEBA_NXZ 00000001800014b0 f i Cooking.obj
 0001:000004c0       ?moveFrom@AABBTreeBounds@Gu@physx@@QEAAXAEAV123@@Z 00000001800014c0 f i Cooking.obj
 0001:000004d0       ?ownsMemory@AABBTreeBounds@Gu@physx@@QEBA_NXZ 00000001800014d0 f i Cooking.obj
 0001:000004e0       ?recreate@?$PxArray@USlab@NodeAllocator@Gu@physx@@V?$PxReflectionAllocator@USlab@NodeAllocator@Gu@physx@@@4@@physx@@IEAAXI@Z 00000001800014e0 f i Cooking.obj
 0001:000005d0       ?setBounds@AABBTreeBounds@Gu@physx@@QEAAXPEAVPxBounds3@3@@Z 00000001800015d0 f i Cooking.obj
 0001:000005e0       ?setNbRunTimePrimitives@AABBTreeBuildNode@Gu@physx@@QEAAXI@Z 00000001800015e0 f i Cooking.obj
 0001:000005f0       ?takeOwnership@AABBTreeBounds@Gu@physx@@QEAAXXZ 00000001800015f0 f i Cooking.obj
 0001:00000600       PxAssembleDeformableVolumeMesh 0000000180001600 f   Cooking.obj
 0001:00000610       PxComputeCollisionData     0000000180001610 f   Cooking.obj
 0001:00000620       PxComputeHullPolygons      0000000180001620 f   Cooking.obj
 0001:00000630       PxComputeModelsMapping     0000000180001630 f   Cooking.obj
 0001:00000640       PxComputeSimulationData    0000000180001640 f   Cooking.obj
 0001:00000650       PxCookBVH                  0000000180001650 f   Cooking.obj
 0001:00000660       PxCookConvexMesh           0000000180001660 f   Cooking.obj
 0001:00000670       PxCookDeformableVolumeMesh 0000000180001670 f   Cooking.obj
 0001:00000680       PxCookHeightField          0000000180001680 f   Cooking.obj
 0001:00000690       PxCookTetrahedronMesh      0000000180001690 f   Cooking.obj
 0001:000006a0       PxCookTriangleMesh         00000001800016a0 f   Cooking.obj
 0001:000006b0       PxCreateBVH                00000001800016b0 f   Cooking.obj
 0001:000006c0       PxCreateBVHInternal        00000001800016c0 f   Cooking.obj
 0001:00000750       PxCreateConvexMesh         0000000180001750 f   Cooking.obj
 0001:00000760       PxCreateDeformableVolumeMesh 0000000180001760 f   Cooking.obj
 0001:00000770       PxCreateHeightField        0000000180001770 f   Cooking.obj
 0001:00000780       PxCreateTetrahedronMesh    0000000180001780 f   Cooking.obj
 0001:00000790       PxCreateTriangleMesh       0000000180001790 f   Cooking.obj
 0001:000007a0       PxCreateTriangleMeshInternal 00000001800017a0 f   Cooking.obj
 0001:00000830       PxGetStandaloneInsertionCallback 0000000180001830 f   Cooking.obj
 0001:00000840       PxValidateConvexMesh       0000000180001840 f   Cooking.obj
 0001:00000850       PxValidateTriangleMesh     0000000180001850 f   Cooking.obj
 0001:00000860       ?cookingDelayHook@@YAP6A_JXZIPEAUDelayLoadInfo@@@Z 0000000180001860 f   WindowsCookingDelayLoadHook.obj
 0001:00000940       PxSetPhysXCookingDelayLoadHook 0000000180001940 f   WindowsCookingDelayLoadHook.obj
 0001:00000948       getInsertionCallback       0000000180001948 f   PhysXCommon_64:PhysXCommon_64.dll
 0001:0000094e       __tailMerge_physxcommon_64_dll 000000018000194e     PhysXCommon_64:PhysXCommon_64.dll
 0001:000009c7       __imp_load_getInsertionCallback 00000001800019c7 f   PhysXCommon_64:PhysXCommon_64.dll
 0001:000009d3       cookBVH                    00000001800019d3 f   PhysXCommon_64:PhysXCommon_64.dll
 0001:000009d9       __imp_load_cookBVH         00000001800019d9 f   PhysXCommon_64:PhysXCommon_64.dll
 0001:000009e5       createBVH                  00000001800019e5 f   PhysXCommon_64:PhysXCommon_64.dll
 0001:000009eb       __imp_load_createBVH       00000001800019eb f   PhysXCommon_64:PhysXCommon_64.dll
 0001:000009f7       cookHeightField            00000001800019f7 f   PhysXCommon_64:PhysXCommon_64.dll
 0001:000009fd       __imp_load_cookHeightField 00000001800019fd f   PhysXCommon_64:PhysXCommon_64.dll
 0001:00000a09       createHeightField          0000000180001a09 f   PhysXCommon_64:PhysXCommon_64.dll
 0001:00000a0f       __imp_load_createHeightField 0000000180001a0f f   PhysXCommon_64:PhysXCommon_64.dll
 0001:00000a1b       cookConvexMesh             0000000180001a1b f   PhysXCommon_64:PhysXCommon_64.dll
 0001:00000a21       __imp_load_cookConvexMesh  0000000180001a21 f   PhysXCommon_64:PhysXCommon_64.dll
 0001:00000a2d       createConvexMesh           0000000180001a2d f   PhysXCommon_64:PhysXCommon_64.dll
 0001:00000a33       __imp_load_createConvexMesh 0000000180001a33 f   PhysXCommon_64:PhysXCommon_64.dll
 0001:00000a3f       validateConvexMesh         0000000180001a3f f   PhysXCommon_64:PhysXCommon_64.dll
 0001:00000a45       __imp_load_validateConvexMesh 0000000180001a45 f   PhysXCommon_64:PhysXCommon_64.dll
 0001:00000a51       computeHullPolygons        0000000180001a51 f   PhysXCommon_64:PhysXCommon_64.dll
 0001:00000a57       __imp_load_computeHullPolygons 0000000180001a57 f   PhysXCommon_64:PhysXCommon_64.dll
 0001:00000a63       validateTriangleMesh       0000000180001a63 f   PhysXCommon_64:PhysXCommon_64.dll
 0001:00000a69       __imp_load_validateTriangleMesh 0000000180001a69 f   PhysXCommon_64:PhysXCommon_64.dll
 0001:00000a75       createTriangleMesh         0000000180001a75 f   PhysXCommon_64:PhysXCommon_64.dll
 0001:00000a7b       __imp_load_createTriangleMesh 0000000180001a7b f   PhysXCommon_64:PhysXCommon_64.dll
 0001:00000a87       cookTriangleMesh           0000000180001a87 f   PhysXCommon_64:PhysXCommon_64.dll
 0001:00000a8d       __imp_load_cookTriangleMesh 0000000180001a8d f   PhysXCommon_64:PhysXCommon_64.dll
 0001:00000a99       cookTetrahedronMesh        0000000180001a99 f   PhysXCommon_64:PhysXCommon_64.dll
 0001:00000a9f       __imp_load_cookTetrahedronMesh 0000000180001a9f f   PhysXCommon_64:PhysXCommon_64.dll
 0001:00000aab       createTetrahedronMesh      0000000180001aab f   PhysXCommon_64:PhysXCommon_64.dll
 0001:00000ab1       __imp_load_createTetrahedronMesh 0000000180001ab1 f   PhysXCommon_64:PhysXCommon_64.dll
 0001:00000abd       cookDeformableVolumeMesh   0000000180001abd f   PhysXCommon_64:PhysXCommon_64.dll
 0001:00000ac3       __imp_load_cookDeformableVolumeMesh 0000000180001ac3 f   PhysXCommon_64:PhysXCommon_64.dll
 0001:00000acf       createDeformableVolumeMesh 0000000180001acf f   PhysXCommon_64:PhysXCommon_64.dll
 0001:00000ad5       __imp_load_createDeformableVolumeMesh 0000000180001ad5 f   PhysXCommon_64:PhysXCommon_64.dll
 0001:00000ae1       computeModelsMapping       0000000180001ae1 f   PhysXCommon_64:PhysXCommon_64.dll
 0001:00000ae7       __imp_load_computeModelsMapping 0000000180001ae7 f   PhysXCommon_64:PhysXCommon_64.dll
 0001:00000af3       computeCollisionData       0000000180001af3 f   PhysXCommon_64:PhysXCommon_64.dll
 0001:00000af9       __imp_load_computeCollisionData 0000000180001af9 f   PhysXCommon_64:PhysXCommon_64.dll
 0001:00000b05       computeSimulationData      0000000180001b05 f   PhysXCommon_64:PhysXCommon_64.dll
 0001:00000b0b       __imp_load_computeSimulationData 0000000180001b0b f   PhysXCommon_64:PhysXCommon_64.dll
 0001:00000b17       assembleDeformableVolumeMesh 0000000180001b17 f   PhysXCommon_64:PhysXCommon_64.dll
 0001:00000b1d       __imp_load_assembleDeformableVolumeMesh 0000000180001b1d f   PhysXCommon_64:PhysXCommon_64.dll
 0001:00000b29       ?release@AABBTreeBounds@Gu@physx@@QEAAXXZ 0000000180001b29 f   PhysXCommon_64:PhysXCommon_64.dll
 0001:00000b2f       __imp_load_?release@AABBTreeBounds@Gu@physx@@QEAAXXZ 0000000180001b2f f   PhysXCommon_64:PhysXCommon_64.dll
 0001:00000b3b       ??0BVH@Gu@physx@@QEAA@AEBUPxBVHInternalData@2@@Z 0000000180001b3b f   PhysXCommon_64:PhysXCommon_64.dll
 0001:00000b41       __imp_load_??0BVH@Gu@physx@@QEAA@AEBUPxBVHInternalData@2@@Z 0000000180001b41 f   PhysXCommon_64:PhysXCommon_64.dll
 0001:00000b4d       ??0BV4TriangleMesh@Gu@physx@@QEAA@AEBUPxTriangleMeshInternalData@2@@Z 0000000180001b4d f   PhysXCommon_64:PhysXCommon_64.dll
 0001:00000b53       __imp_load_??0BV4TriangleMesh@Gu@physx@@QEAA@AEBUPxTriangleMeshInternalData@2@@Z 0000000180001b53 f   PhysXCommon_64:PhysXCommon_64.dll
 0001:00000b5f       PxGetBroadcastAllocator    0000000180001b5f f   PhysXFoundation_64:PhysXFoundation_64.dll
 0001:00000b65       __tailMerge_physxfoundation_64_dll 0000000180001b65     PhysXFoundation_64:PhysXFoundation_64.dll
 0001:00000bde       __imp_load_PxGetBroadcastAllocator 0000000180001bde f   PhysXFoundation_64:PhysXFoundation_64.dll
 0001:00000bec       ?DloadAcquireSectionWriteAccess@@YAXXZ 0000000180001bec f i Delayimp:delayhlp.obj
 0001:00000c98       ?DloadGetSRWLockFunctionPointers@@YAEXZ 0000000180001c98 f i Delayimp:delayhlp.obj
 0001:00000d38       ?DloadMakePermanentImageCommit@@YAXPEAX_K@Z 0000000180001d38 f i Delayimp:delayhlp.obj
 0001:00000dd0       ?DloadObtainSection@@YAPEAXPEAK0@Z 0000000180001dd0 f i Delayimp:delayhlp.obj
 0001:00000e6c       ?DloadProtectSection@@YAXKPEAK@Z 0000000180001e6c f i Delayimp:delayhlp.obj
 0001:00000efc       ?DloadReleaseSectionWriteAccess@@YAXXZ 0000000180001efc f i Delayimp:delayhlp.obj
 0001:00000f90       __delayLoadHelper2         0000000180001f90 f   Delayimp:delayhlp.obj
 0001:00001268       ??3@YAXPEAX@Z              0000000180002268 f   LIBCMT:delete_scalar.obj
 0001:00001270       ??3@YAXPEAX_K@Z            0000000180002270 f   LIBCMT:delete_scalar_size.obj
 0001:00001270       ??_V@YAXPEAX@Z             0000000180002270 f   LIBCMT:delete_array.obj
 0001:00001278       ??_V@YAXPEAX_K@Z           0000000180002278 f   LIBCMT:delete_array_size.obj
 0001:00001280       ??_Etype_info@@UEAAPEAXI@Z 0000000180002280 f i LIBCMT:std_type_info_static.obj
 0001:00001280       ??_Gtype_info@@UEAAPEAXI@Z 0000000180002280 f i LIBCMT:std_type_info_static.obj
 0001:000012ac       ?__scrt_initialize_type_info@@YAXXZ 00000001800022ac f   LIBCMT:tncleanup.obj
 0001:000012bc       ?__scrt_uninitialize_type_info@@YAXXZ 00000001800022bc f   LIBCMT:tncleanup.obj
 0001:000015e4       _DllMainCRTStartup         00000001800025e4 f   LIBCMT:dll_dllmain.obj
 0001:00001624       __security_init_cookie     0000000180002624 f   LIBCMT:gs_support.obj
 0001:000016d0       ?length@charNode@@UEBAHXZ  00000001800026d0 f   libvcruntime:undname.obj
 0001:000016d0       ?raw_length@charNode@@UEBAHXZ 00000001800026d0 f   libvcruntime:undname.obj
 0001:000016d0       DllMain                    00000001800026d0 f   LIBCMT:dll_dllmain_stub.obj
 0001:000016d0       _get_startup_argv_mode     00000001800026d0 f   LIBCMT:argv_mode.obj
 0001:000016d8       __local_stdio_printf_options 00000001800026d8 f i LIBCMT:default_local_stdio_options.obj
 0001:000016e0       __local_stdio_scanf_options 00000001800026e0 f i LIBCMT:default_local_stdio_options.obj
 0001:000016e8       __scrt_initialize_default_local_stdio_options 00000001800026e8 f   LIBCMT:default_local_stdio_options.obj
 0001:00001704       __scrt_acquire_startup_lock 0000000180002704 f   LIBCMT:utility.obj
 0001:00001740       __scrt_dllmain_after_initialize_c 0000000180002740 f   LIBCMT:utility.obj
 0001:00001774       __scrt_dllmain_before_initialize_c 0000000180002774 f   LIBCMT:utility.obj
 0001:0000178c       __scrt_dllmain_crt_thread_attach 000000018000278c f   LIBCMT:utility.obj
 0001:000017b4       __scrt_dllmain_crt_thread_detach 00000001800027b4 f   LIBCMT:utility.obj
 0001:000017cc       __scrt_dllmain_exception_filter 00000001800027cc f   LIBCMT:utility.obj
 0001:0000182c       __scrt_dllmain_uninitialize_c 000000018000282c f   LIBCMT:utility.obj
 0001:0000185c       __scrt_dllmain_uninitialize_critical 000000018000285c f   LIBCMT:utility.obj
 0001:00001870       __scrt_initialize_crt      0000000180002870 f   LIBCMT:utility.obj
 0001:000018ac       __scrt_initialize_onexit_tables 00000001800028ac f   LIBCMT:utility.obj
 0001:00001938       __scrt_is_nonwritable_in_current_image 0000000180002938 f   LIBCMT:utility.obj
 0001:000019d0       __scrt_release_startup_lock 00000001800029d0 f   LIBCMT:utility.obj
 0001:000019f4       __scrt_uninitialize_crt    00000001800029f4 f   LIBCMT:utility.obj
 0001:00001a20       __scrt_get_dyn_tls_init_callback 0000000180002a20 f   LIBCMT:dyn_tls_init.obj
 0001:00001a28       __crt_debugger_hook        0000000180002a28 f   LIBCMT:utility_desktop.obj
 0001:00001a30       __scrt_fastfail            0000000180002a30 f   LIBCMT:utility_desktop.obj
 0001:00001b78       _RTC_Initialize            0000000180002b78 f   LIBCMT:initsect.obj
 0001:00001bb4       _RTC_Terminate             0000000180002bb4 f   LIBCMT:initsect.obj
 0001:00001bf0       __isa_available_init       0000000180002bf0 f   LIBCMT:cpu_disp.obj
 0001:00001d9c       __scrt_is_ucrt_dll_in_use  0000000180002d9c f   LIBCMT:ucrt_detection.obj
 0001:00001da8       _get_purecall_handler      0000000180002da8 f   libvcruntime:purevirt.obj
 0001:00001db4       _purecall                  0000000180002db4 f   libvcruntime:purevirt.obj
 0001:00001dd8       __std_type_info_compare    0000000180002dd8 f   libvcruntime:std_type_info.obj
 0001:00001e00       __std_type_info_destroy_list 0000000180002e00 f   libvcruntime:std_type_info.obj
 0001:00001e2c       __std_type_info_name       0000000180002e2c f   libvcruntime:std_type_info.obj
 0001:00001f44       strstr                     0000000180002f44 f   libvcruntime:strstr.obj
 0001:0000212c       __C_specific_handler       000000018000312c f   libvcruntime:riscchandler.obj
 0001:00002344       __vcrt_initialize          0000000180003344 f   libvcruntime:initialization.obj
 0001:0000236c       __vcrt_thread_attach       000000018000336c f   libvcruntime:initialization.obj
 0001:00002380       __vcrt_thread_detach       0000000180003380 f   libvcruntime:initialization.obj
 0001:00002390       __vcrt_uninitialize        0000000180003390 f   libvcruntime:initialization.obj
 0001:000023ac       __vcrt_uninitialize_critical 00000001800033ac f   libvcruntime:initialization.obj
 0001:000023bc       __DestructExceptionObject  00000001800033bc f   libvcruntime:ehhelpers.obj
 0001:0000242c       ?_CallMemberFunction0@@YAXQEAX0@Z 000000018000342c f i libvcruntime:ehhelpers.obj
 0001:00002430       _IsExceptionObjectToBeDestroyed 0000000180003430 f   libvcruntime:ehhelpers.obj
 0001:00002460       __AdjustPointer            0000000180003460 f   libvcruntime:ehhelpers.obj
 0001:00002484       __FrameUnwindFilter        0000000180003484 f   libvcruntime:ehhelpers.obj
 0001:000024ec       __std_terminate            00000001800034ec f   libvcruntime:ehhelpers.obj
 0001:00002500       ??$?0$00@DName@@QEAA@PEBDU?$StringLifeSelector@$00@@@Z 0000000180003500 f i libvcruntime:undname.obj
 0001:00002540       ??$?0$01@DName@@QEAA@PEBDU?$StringLifeSelector@$01@@@Z 0000000180003540 f i libvcruntime:undname.obj
 0001:00002540       ??$?0$0A@@DName@@QEAA@PEBDU?$StringLifeSelector@$0A@@@@Z 0000000180003540 f i libvcruntime:undname.obj
 0001:00002580       ??$?0$01@pcharNode@@QEAA@PEBDHU?$StringLifeSelector@$01@@@Z 0000000180003580 f i libvcruntime:undname.obj
 0001:00002580       ??$?0$0A@@pcharNode@@QEAA@PEBDHU?$StringLifeSelector@$0A@@@@Z 0000000180003580 f i libvcruntime:undname.obj
 0001:000025f4       ??$append@VDNameNode@@@DName@@AEAAXPEBVDNameNode@@@Z 00000001800035f4 f i libvcruntime:undname.obj
 0001:000025f4       ??$append@VDNameStatusNode@@@DName@@AEAAXPEBVDNameStatusNode@@@Z 00000001800035f4 f i libvcruntime:undname.obj
 0001:000025f4       ??$append@VcharNode@@@DName@@AEAAXPEBVcharNode@@@Z 00000001800035f4 f i libvcruntime:undname.obj
 0001:000025f4       ??$append@VpcharNode@@@DName@@AEAAXPEBVpcharNode@@@Z 00000001800035f4 f i libvcruntime:undname.obj
 0001:00002658       ??$doPchar@$00@DName@@AEAAXPEBDH@Z 0000000180003658 f i libvcruntime:undname.obj
 0001:000026fc       ??$doPchar@$01@DName@@AEAAXPEBDH@Z 00000001800036fc f i libvcruntime:undname.obj
 0001:000026fc       ??$doPchar@$0A@@DName@@AEAAXPEBDH@Z 00000001800036fc f i libvcruntime:undname.obj
 0001:00002794       ??0DName@@QEAA@AEAPEBDD@Z  0000000180003794 f   libvcruntime:undname.obj
 0001:00002844       ??0DName@@QEAA@AEBUStringLiteral@@@Z 0000000180003844 f   libvcruntime:undname.obj
 0001:00002870       ??0DName@@QEAA@PEAV0@@Z    0000000180003870 f   libvcruntime:undname.obj
 0001:000028f4       ??0DName@@QEAA@_J@Z        00000001800038f4 f   libvcruntime:undname.obj
 0001:0000299c       ??0DName@@QEAA@_K@Z        000000018000399c f   libvcruntime:undname.obj
 0001:00002a24       ??0UnDecorator@@QEAA@PEBDP6APEADJ@ZK@Z 0000000180003a24 f i libvcruntime:undname.obj
 0001:00002ad8       ??2@YAPEAX_KAEAV_HeapManager@@H@Z 0000000180003ad8 f   libvcruntime:undname.obj
 0001:00002b04       ??4DName@@QEAAAEAV0@W4DNameStatus@@@Z 0000000180003b04 f   libvcruntime:undname.obj
 0001:00002b34       ??AReplicator@@QEBA?AVDName@@H@Z 0000000180003b34 f   libvcruntime:undname.obj
 0001:00002b74       ??HDName@@QEBA?AV0@AEBUStringLiteral@@@Z 0000000180003b74 f   libvcruntime:undname.obj
 0001:00002ba0       ??HDName@@QEBA?AV0@AEBV0@@Z 0000000180003ba0 f   libvcruntime:undname.obj
 0001:00002bcc       ??HDName@@QEBA?AV0@D@Z     0000000180003bcc f   libvcruntime:undname.obj
 0001:00002bf8       ??HDName@@QEBA?AV0@W4DNameStatus@@@Z 0000000180003bf8 f   libvcruntime:undname.obj
 0001:00002c24       ??YDName@@QEAAAEAV0@AEBUStringLiteral@@@Z 0000000180003c24 f   libvcruntime:undname.obj
 0001:00002ca4       ??YDName@@QEAAAEAV0@AEBV0@@Z 0000000180003ca4 f   libvcruntime:undname.obj
 0001:00002cfc       ??YDName@@QEAAAEAV0@D@Z    0000000180003cfc f   libvcruntime:undname.obj
 0001:00002d68       ??YDName@@QEAAAEAV0@W4DNameStatus@@@Z 0000000180003d68 f   libvcruntime:undname.obj
 0001:00002dc0       ??YReplicator@@QEAAAEAV0@AEBVDName@@@Z 0000000180003dc0 f   libvcruntime:undname.obj
 0001:00002e18       ?UScore@UnDecorator@@SA?AUStringLiteral@@W4Tokens@@@Z 0000000180003e18 f   libvcruntime:undname.obj
 0001:00002e64       ?composeDeclaration@UnDecorator@@CA?AVDName@@AEBV2@@Z 0000000180003e64 f i libvcruntime:undname.obj
 0001:00003e20       ?doPchar@DName@@AEAAXD@Z   0000000180004e20 f   libvcruntime:undname.obj
 0001:00003e70       ?getAddressOf@UnDecorator@@CA?AVDName@@XZ 0000000180004e70 f   libvcruntime:undname.obj
 0001:00003f00       ?getArgumentList@UnDecorator@@CA?AVDName@@XZ 0000000180004f00 f   libvcruntime:undname.obj
 0001:00004084       ?getArgumentTypes@UnDecorator@@CA?AVDName@@XZ 0000000180005084 f   libvcruntime:undname.obj
 0001:000041d0       ?getArrayAccess@UnDecorator@@CA?AVDName@@XZ 00000001800051d0 f   libvcruntime:undname.obj
 0001:0000426c       ?getArrayObject@UnDecorator@@CA?AVDName@@XZ 000000018000526c f   libvcruntime:undname.obj
 0001:0000433c       ?getArrayType@UnDecorator@@CA?AVDName@@AEBV2@@Z 000000018000533c f i libvcruntime:undname.obj
 0001:00004598       ?getBasedType@UnDecorator@@CA?AVDName@@XZ 0000000180005598 f   libvcruntime:undname.obj
 0001:00004690       ?getBasicDataType@UnDecorator@@CA?AVDName@@AEBV2@@Z 0000000180005690 f   libvcruntime:undname.obj
 0001:00004c94       ?getCallingConvention@UnDecorator@@CA?AVDName@@XZ 0000000180005c94 f   libvcruntime:undname.obj
 0001:00004db4       ?getDataIndirectType@UnDecorator@@CA?AVDName@@AEBV2@W4IndirectionKind@@0H@Z 0000000180005db4 f   libvcruntime:undname.obj
 0001:000056fc       ?getDataType@UnDecorator@@CA?AVDName@@PEAV2@@Z 00000001800066fc f   libvcruntime:undname.obj
 0001:00005810       ?getDecoratedName@UnDecorator@@CA?AVDName@@XZ 0000000180006810 f   libvcruntime:undname.obj
 0001:00005af8       ?getDimension@UnDecorator@@CA?AVDName@@_N@Z 0000000180006af8 f   libvcruntime:undname.obj
 0001:00005c40       ?getDispatchTarget@UnDecorator@@CA?AVDName@@XZ 0000000180006c40 f   libvcruntime:undname.obj
 0001:00005ca0       ?getECSUDataType@UnDecorator@@CA?AVDName@@XZ 0000000180006ca0 f   libvcruntime:undname.obj
 0001:00005e9c       ?getEnumType@UnDecorator@@CA?AVDName@@XZ 0000000180006e9c f i libvcruntime:undname.obj
 0001:00005fc4       ?getExtendedDataIndirectType@UnDecorator@@CA?AVDName@@AEAW4IndirectionKind@@AEA_NH@Z 0000000180006fc4 f   libvcruntime:undname.obj
 0001:00006230       ?getExternalDataType@UnDecorator@@CA?AVDName@@AEBV2@@Z 0000000180007230 f i libvcruntime:undname.obj
 0001:000062f0       ?getFloatingPoint@UnDecorator@@CA?AVDName@@H@Z 00000001800072f0 f   libvcruntime:undname.obj
 0001:00006458       ?getFunctionIndirectType@UnDecorator@@CA?AVDName@@AEBV2@@Z 0000000180007458 f   libvcruntime:undname.obj
 0001:0000698c       ?getLastChar@DNameStatusNode@@UEBADXZ 000000018000798c f i libvcruntime:undname.obj
 0001:00006998       ?getLastChar@charNode@@UEBADXZ 0000000180007998 f i libvcruntime:undname.obj
 0001:0000699c       ?getLastChar@pDNameNode@@UEBADXZ 000000018000799c f i libvcruntime:undname.obj
 0001:000069c8       ?getLastChar@pairNode@@UEBADXZ 00000001800079c8 f i libvcruntime:undname.obj
 0001:00006a00       ?getLastChar@pcharNode@@UEBADXZ 0000000180007a00 f i libvcruntime:undname.obj
 0001:00006a14       ?getLexicalFrame@UnDecorator@@CA?AVDName@@XZ 0000000180007a14 f i libvcruntime:undname.obj
 0001:00006a78       ?getMemberAccess@UnDecorator@@CA?AVDName@@XZ 0000000180007a78 f   libvcruntime:undname.obj
 0001:00006b0c       ?getMemoryWithBuffer@_HeapManager@@QEAAPEAX_K@Z 0000000180007b0c f   libvcruntime:undname.obj
 0001:00006b9c       ?getNoexcept@UnDecorator@@CA?AVDName@@XZ 0000000180007b9c f   libvcruntime:undname.obj
 0001:00006c00       ?getNumberOfDimensions@UnDecorator@@CAHXZ 0000000180007c00 f   libvcruntime:undname.obj
 0001:00006c5c       ?getOperatorName@UnDecorator@@CA?AVDName@@_NPEA_N@Z 0000000180007c5c f i libvcruntime:undname.obj
 0001:000075f8       ?getPointerToMember@UnDecorator@@CA?AVDName@@XZ 00000001800085f8 f   libvcruntime:undname.obj
 0001:000076f0       ?getPrimaryDataType@UnDecorator@@CA?AVDName@@AEBV2@@Z 00000001800086f0 f   libvcruntime:undname.obj
 0001:000079a8       ?getPtrRefDataType@UnDecorator@@CA?AVDName@@AEBV2@H@Z 00000001800089a8 f   libvcruntime:undname.obj
 0001:00007b74       ?getPtrRefType@UnDecorator@@CA?AVDName@@AEBV2@0W4IndirectionKind@@@Z 0000000180008b74 f   libvcruntime:undname.obj
 0001:00007d5c       ?getRestrictionSpec@UnDecorator@@CA?AVDName@@XZ 0000000180008d5c f   libvcruntime:undname.obj
 0001:00007f38       ?getReturnType@UnDecorator@@CA?AVDName@@PEAV2@@Z 0000000180008f38 f   libvcruntime:undname.obj
 0001:00007f6c       ?getScope@UnDecorator@@CA?AVDName@@XZ 0000000180008f6c f   libvcruntime:undname.obj
 0001:00008424       ?getScopedName@UnDecorator@@CA?AVDName@@XZ 0000000180009424 f   libvcruntime:undname.obj
 0001:00008568       ?getSignedDimension@UnDecorator@@CA?AVDName@@XZ 0000000180009568 f   libvcruntime:undname.obj
 0001:000085f0       ?getString@DNameStatusNode@@UEBAPEADPEAD0@Z 00000001800095f0 f i libvcruntime:undname.obj
 0001:00008638       ?getString@charNode@@UEBAPEADPEAD0@Z 0000000180009638 f i libvcruntime:undname.obj
 0001:0000864c       ?getString@pDNameNode@@UEBAPEADPEAD0@Z 000000018000964c f i libvcruntime:undname.obj
 0001:0000867c       ?getString@pairNode@@UEBAPEADPEAD0@Z 000000018000967c f i libvcruntime:undname.obj
 0001:000086c8       ?getString@pcharNode@@UEBAPEADPEAD0@Z 00000001800096c8 f i libvcruntime:undname.obj
 0001:00008700       ?getStringEncoding@UnDecorator@@CA?AVDName@@W4PrefixKind@@H@Z 0000000180009700 f   libvcruntime:undname.obj
 0001:00008810       ?getStringObject@UnDecorator@@CA?AVDName@@XZ 0000000180009810 f   libvcruntime:undname.obj
 0001:000088a0       ?getSymbolName@UnDecorator@@CA?AVDName@@XZ 00000001800098a0 f i libvcruntime:undname.obj
 0001:000088ec       ?getTemplateArgumentList@UnDecorator@@CA?AVDName@@XZ 00000001800098ec f   libvcruntime:undname.obj
 0001:00008b0c       ?getTemplateName@UnDecorator@@CA?AVDName@@_N@Z 0000000180009b0c f   libvcruntime:undname.obj
 0001:00008dbc       ?getTemplateNonTypeArgument@UnDecorator@@CA?AVDName@@XZ 0000000180009dbc f   libvcruntime:undname.obj
 0001:0000930c       ?getTemplateTypeArgument@UnDecorator@@CA?AVDName@@XZ 000000018000a30c f   libvcruntime:undname.obj
 0001:00009474       ?getThrowTypes@UnDecorator@@CA?AVDName@@XZ 000000018000a474 f   libvcruntime:undname.obj
 0001:00009498       ?getTypeEncoding@UnDecorator@@CAHXZ 000000018000a498 f i libvcruntime:undname.obj
 0001:00009854       ?getUndecoratedName@UnDecorator@@QEAAPEADPEADH@Z 000000018000a854 f i libvcruntime:undname.obj
 0001:000099a8       ?getUnionObject@UnDecorator@@CA?AVDName@@XZ 000000018000a9a8 f   libvcruntime:undname.obj
 0001:00009a80       ?getVCallThunkType@UnDecorator@@CA?AVDName@@XZ 000000018000aa80 f i libvcruntime:undname.obj
 0001:00009af8       ?getValue@UnDecorator@@CA?AV?$optional@_K@std@@XZ 000000018000aaf8 f   libvcruntime:undname.obj
 0001:00009b3c       ?getValueObject@UnDecorator@@CA?AVDName@@XZ 000000018000ab3c f   libvcruntime:undname.obj
 0001:00009cc0       ?getVdispMapType@UnDecorator@@CA?AVDName@@AEBV2@@Z 000000018000acc0 f i libvcruntime:undname.obj
 0001:00009d3c       ?getVfTableType@UnDecorator@@CA?AVDName@@AEBV2@@Z 000000018000ad3c f i libvcruntime:undname.obj
 0001:00009f48       ?getZName@UnDecorator@@CA?AVDName@@_N0@Z 000000018000af48 f   libvcruntime:undname.obj
 0001:0000a21c       ?length@DNameStatusNode@@UEBAHXZ 000000018000b21c f i libvcruntime:undname.obj
 0001:0000a21c       ?raw_length@DNameStatusNode@@UEBAHXZ 000000018000b21c f i libvcruntime:undname.obj
 0001:0000a220       ?length@pDNameNode@@UEBAHXZ 000000018000b220 f i libvcruntime:undname.obj
 0001:0000a248       ?length@pairNode@@UEBAHXZ  000000018000b248 f i libvcruntime:undname.obj
 0001:0000a290       ?length@pcharNode@@UEBAHXZ 000000018000b290 f i libvcruntime:undname.obj
 0001:0000a290       ?raw_length@pcharNode@@UEBAHXZ 000000018000b290 f i libvcruntime:undname.obj
 0001:0000a294       ?parseDecoratedName@UnDecorator@@CA?AVDName@@XZ 000000018000b294 f   libvcruntime:undname.obj
 0001:0000a3ac       ?raw_length@pDNameNode@@UEBAHXZ 000000018000b3ac f i libvcruntime:undname.obj
 0001:0000a3b0       ?raw_length@pairNode@@UEBAHXZ 000000018000b3b0 f i libvcruntime:undname.obj
 0001:0000a3b4       __unDName                  000000018000b3b4 f   libvcruntime:undname.obj
 0001:0000a3dc       __unDNameEx                000000018000b3dc f   libvcruntime:undname.obj
 0001:0000a4cc       snprintf                   000000018000b4cc f i libvcruntime:undname.obj
 0001:0000a524       sprintf_s                  000000018000b524 f i libvcruntime:undname.obj
 0001:0000a5b0       _NLG_Notify                000000018000b5b0 f   libvcruntime:notify.obj
 0001:0000a5d0       __NLG_Dispatch2            000000018000b5d0 f   libvcruntime:notify.obj
 0001:0000a5e0       __NLG_Return2              000000018000b5e0 f   libvcruntime:notify.obj
 0001:0000a5e4       __except_validate_context_record 000000018000b5e4 f   libvcruntime:jbcxrval.obj
 0001:0000a620       __vcrt_freefls             000000018000b620 f   libvcruntime:per_thread_data.obj
 0001:0000a640       __vcrt_freeptd_for_this_thread 000000018000b640 f   libvcruntime:per_thread_data.obj
 0001:0000a688       __vcrt_getptd              000000018000b688 f   libvcruntime:per_thread_data.obj
 0001:0000a6a4       __vcrt_getptd_noexit       000000018000b6a4 f   libvcruntime:per_thread_data.obj
 0001:0000a764       __vcrt_initialize_ptd      000000018000b764 f   libvcruntime:per_thread_data.obj
 0001:0000a7ac       __vcrt_uninitialize_ptd    000000018000b7ac f   libvcruntime:per_thread_data.obj
 0001:0000a7d0       __vcrt_initialize_locks    000000018000b7d0 f   libvcruntime:locks.obj
 0001:0000a818       __vcrt_lock                000000018000b818 f   libvcruntime:locks.obj
 0001:0000a834       __vcrt_uninitialize_locks  000000018000b834 f   libvcruntime:locks.obj
 0001:0000a86c       __vcrt_unlock              000000018000b86c f   libvcruntime:locks.obj
 0001:0000a888       ??$_CallSETranslator@V__FrameHandler3@@@@YAHPEAUEHExceptionRecord@@PEA_KPEAU_CONTEXT@@PEAU_xDISPATCHER_CONTEXT@@PEBU_s_FuncInfo@@K1H@Z 000000018000b888 f i libvcruntime:risctrnsctrl.obj
 0001:0000a8dc       ??$_CallSETranslator@V__FrameHandler4@@@@YAHPEAUEHExceptionRecord@@PEA_KPEAU_CONTEXT@@PEAU_xDISPATCHER_CONTEXT@@PEAUFuncInfo4@FH4@@K1H@Z 000000018000b8dc f i libvcruntime:risctrnsctrl.obj
 0001:0000a930       ?CatchTryBlock@__FrameHandler3@@SAPEBU_s_TryBlockMapEntry@@PEBU_s_FuncInfo@@H@Z 000000018000b930 f   libvcruntime:risctrnsctrl.obj
 0001:0000a994       ?DecompFuncInfo@FH4@@YA_JPEAEAEAUFuncInfo4@1@_KH_N@Z 000000018000b994 f i libvcruntime:risctrnsctrl.obj
 0001:0000aac8       ?ExecutionInCatch@__FrameHandler3@@SA_NPEAU_xDISPATCHER_CONTEXT@@PEBU_s_FuncInfo@@@Z 000000018000bac8 f   libvcruntime:risctrnsctrl.obj
 0001:0000aaf4       ?ExecutionInCatch@__FrameHandler4@@SA_NPEAU_xDISPATCHER_CONTEXT@@PEAUFuncInfo4@FH4@@@Z 000000018000baf4 f   libvcruntime:risctrnsctrl.obj
 0001:0000aafc       ?FrameUnwindToEmptyState@__FrameHandler3@@SAXPEA_KPEAU_xDISPATCHER_CONTEXT@@PEBU_s_FuncInfo@@@Z 000000018000bafc f   libvcruntime:risctrnsctrl.obj
 0001:0000ab60       ?FrameUnwindToEmptyState@__FrameHandler4@@SAXPEA_KPEAU_xDISPATCHER_CONTEXT@@PEAUFuncInfo4@FH4@@@Z 000000018000bb60 f   libvcruntime:risctrnsctrl.obj
 0001:0000ab94       ?GetEstablisherFrame@__FrameHandler3@@SAPEA_KPEA_KPEAU_xDISPATCHER_CONTEXT@@PEBU_s_FuncInfo@@0@Z 000000018000bb94 f   libvcruntime:risctrnsctrl.obj
 0001:0000ac64       ?GetEstablisherFrame@__FrameHandler4@@SAPEA_KPEA_KPEAU_xDISPATCHER_CONTEXT@@PEAUFuncInfo4@FH4@@0@Z 000000018000bc64 f   libvcruntime:risctrnsctrl.obj
 0001:0000ac88       ?GetRangeOfTrysToCheck@__FrameHandler3@@SA?AU?$pair@Viterator@TryBlockMap@__FrameHandler3@@V123@@std@@AEAVTryBlockMap@1@HPEAU_xDISPATCHER_CONTEXT@@PEBU_s_FuncInfo@@H@Z 000000018000bc88 f   libvcruntime:risctrnsctrl.obj
 0001:0000adbc       ?GetRangeOfTrysToCheck@__FrameHandler4@@SA?AU?$pair@Viterator@TryBlockMap4@FH4@@V123@@std@@AEAVTryBlockMap4@FH4@@HPEAU_xDISPATCHER_CONTEXT@@PEAUFuncInfo4@5@H@Z 000000018000bdbc f   libvcruntime:risctrnsctrl.obj
 0001:0000af28       ?UnwindNestedFrames@__FrameHandler3@@SAXPEA_KPEAUEHExceptionRecord@@PEAU_CONTEXT@@0PEAXPEBU_s_FuncInfo@@HHPEBU_s_HandlerType@@PEAU_xDISPATCHER_CONTEXT@@E@Z 000000018000bf28 f   libvcruntime:risctrnsctrl.obj
 0001:0000b02c       ?UnwindNestedFrames@__FrameHandler4@@SAXPEA_KPEAUEHExceptionRecord@@PEAU_CONTEXT@@0PEAXPEAUFuncInfo4@FH4@@HHPEAUHandlerType4@5@PEAU_xDISPATCHER_CONTEXT@@E@Z 000000018000c02c f   libvcruntime:risctrnsctrl.obj
 0001:0000b14c       ?setBuffer@TryBlockMap4@FH4@@QEAAXViterator@12@@Z 000000018000c14c f i libvcruntime:risctrnsctrl.obj
 0001:0000b310       _CreateFrameInfo           000000018000c310 f   libvcruntime:risctrnsctrl.obj
 0001:0000b34c       _FindAndUnlinkFrame        000000018000c34c f   libvcruntime:risctrnsctrl.obj
 0001:0000b3a0       _GetImageBase              000000018000c3a0 f   libvcruntime:risctrnsctrl.obj
 0001:0000b3b4       _GetThrowImageBase         000000018000c3b4 f   libvcruntime:risctrnsctrl.obj
 0001:0000b3c8       _SetImageBase              000000018000c3c8 f   libvcruntime:risctrnsctrl.obj
 0001:0000b3e0       _SetThrowImageBase         000000018000c3e0 f   libvcruntime:risctrnsctrl.obj
 0001:0000b3f8       __CxxFrameHandler3         000000018000c3f8 f   libvcruntime:risctrnsctrl.obj
 0001:0000b480       __CxxFrameHandler4         000000018000c480 f   libvcruntime:risctrnsctrl.obj
 0001:0000b690       __vcrt_FlsAlloc            000000018000c690 f   libvcruntime:winapi_downlevel.obj
 0001:0000b6d8       __vcrt_FlsFree             000000018000c6d8 f   libvcruntime:winapi_downlevel.obj
 0001:0000b720       __vcrt_FlsGetValue         000000018000c720 f   libvcruntime:winapi_downlevel.obj
 0001:0000b768       __vcrt_FlsSetValue         000000018000c768 f   libvcruntime:winapi_downlevel.obj
 0001:0000b7bc       __vcrt_InitializeCriticalSectionEx 000000018000c7bc f   libvcruntime:winapi_downlevel.obj
 0001:0000b820       ?GetCurrentState@__FrameHandler3@@SAHPEA_KPEAU_xDISPATCHER_CONTEXT@@PEBU_s_FuncInfo@@@Z 000000018000c820 f   libvcruntime:ehstate.obj
 0001:0000b848       ?GetUnwindTryBlock@__FrameHandler3@@SAHPEA_KPEAU_xDISPATCHER_CONTEXT@@PEBU_s_FuncInfo@@@Z 000000018000c848 f   libvcruntime:ehstate.obj
 0001:0000b874       ?SetState@__FrameHandler3@@SAXPEA_KPEBU_s_FuncInfo@@H@Z 000000018000c874 f   libvcruntime:ehstate.obj
 0001:0000b880       ?SetUnwindTryBlock@__FrameHandler3@@SAXPEA_KPEAU_xDISPATCHER_CONTEXT@@PEBU_s_FuncInfo@@H@Z 000000018000c880 f   libvcruntime:ehstate.obj
 0001:0000b8bc       ?StateFromControlPc@__FrameHandler3@@SAHPEBU_s_FuncInfo@@PEAU_xDISPATCHER_CONTEXT@@@Z 000000018000c8bc f   libvcruntime:ehstate.obj
 0001:0000b8c4       ?StateFromControlPc@__FrameHandler4@@SAHPEAUFuncInfo4@FH4@@PEAU_xDISPATCHER_CONTEXT@@@Z 000000018000c8c4 f   libvcruntime:ehstate.obj
 0001:0000b8cc       ?StateFromIp@__FrameHandler3@@SAHPEBU_s_FuncInfo@@PEAU_xDISPATCHER_CONTEXT@@_K@Z 000000018000c8cc f   libvcruntime:ehstate.obj
 0001:0000b934       ?StateFromIp@__FrameHandler4@@SAHPEAUFuncInfo4@FH4@@PEAU_xDISPATCHER_CONTEXT@@_K@Z 000000018000c934 f   libvcruntime:ehstate.obj
 0001:0000d08c       ??$TypeMatchHelper@V__FrameHandler3@@@@YAHPEBU_s_HandlerType@@PEBU_s_CatchableType@@PEBU_s_ThrowInfo@@@Z 000000018000e08c f i libvcruntime:frame.obj
 0001:0000d1cc       ??$TypeMatchHelper@V__FrameHandler4@@@@YAHPEAUHandlerType4@FH4@@PEBU_s_CatchableType@@PEBU_s_ThrowInfo@@@Z 000000018000e1cc f i libvcruntime:frame.obj
 0001:0000d318       ??$__InternalCxxFrameHandler@V__FrameHandler3@@@@YA?AW4_EXCEPTION_DISPOSITION@@PEAUEHExceptionRecord@@PEA_KPEAU_CONTEXT@@PEAU_xDISPATCHER_CONTEXT@@PEBU_s_FuncInfo@@H1E@Z 000000018000e318 f i libvcruntime:frame.obj
 0001:0000d550       ??$__InternalCxxFrameHandler@V__FrameHandler4@@@@YA?AW4_EXCEPTION_DISPOSITION@@PEAUEHExceptionRecord@@PEA_KPEAU_CONTEXT@@PEAU_xDISPATCHER_CONTEXT@@PEAUFuncInfo4@FH4@@H1E@Z 000000018000e550 f i libvcruntime:frame.obj
 0001:0000d7e4       ??$__InternalCxxFrameHandlerWrapper@V__FrameHandler3@@@@YA?AW4_EXCEPTION_DISPOSITION@@PEAUEHExceptionRecord@@PEA_KPEAU_CONTEXT@@PEAU_xDISPATCHER_CONTEXT@@PEBU_s_FuncInfo@@H1E@Z 000000018000e7e4 f i libvcruntime:frame.obj
 0001:0000d7ec       ??$__InternalCxxFrameHandlerWrapper@V__FrameHandler4@@@@YA?AW4_EXCEPTION_DISPOSITION@@PEAUEHExceptionRecord@@PEA_KPEAU_CONTEXT@@PEAU_xDISPATCHER_CONTEXT@@PEAUFuncInfo4@FH4@@H1E@Z 000000018000e7ec f i libvcruntime:frame.obj
 0001:0000d838       ??0HandlerMap4@FH4@@QEAA@PEBUTryBlockMapEntry4@1@_KH@Z 000000018000e838 f i libvcruntime:frame.obj
 0001:0000d8bc       ??0TryBlockMap4@FH4@@QEAA@PEBUFuncInfo4@1@_K@Z 000000018000e8bc f i libvcruntime:frame.obj
 0001:0000d9a0       ??0bad_exception@std@@QEAA@AEBV01@@Z 000000018000e9a0 f i libvcruntime:frame.obj
 0001:0000d9dc       ??0bad_exception@std@@QEAA@XZ 000000018000e9dc f i libvcruntime:frame.obj
 0001:0000d9fc       ??0exception@std@@QEAA@AEBV01@@Z 000000018000e9fc f i libvcruntime:frame.obj
 0001:0000da30       ??1bad_exception@std@@UEAA@XZ 000000018000ea30 f i libvcruntime:frame.obj
 0001:0000da44       ??_Ebad_exception@std@@UEAAPEAXI@Z 000000018000ea44 f i libvcruntime:frame.obj
 0001:0000da44       ??_Eexception@std@@UEAAPEAXI@Z 000000018000ea44 f i libvcruntime:frame.obj
 0001:0000da44       ??_Gbad_exception@std@@UEAAPEAXI@Z 000000018000ea44 f i libvcruntime:frame.obj
 0001:0000da44       ??_Gexception@std@@UEAAPEAXI@Z 000000018000ea44 f i libvcruntime:frame.obj
 0001:0000da88       ?CxxCallCatchBlock@__FrameHandler3@@SAPEAXPEAU_EXCEPTION_RECORD@@@Z 000000018000ea88 f   libvcruntime:frame.obj
 0001:0000dc74       ?CxxCallCatchBlock@__FrameHandler4@@SAPEAXPEAU_EXCEPTION_RECORD@@@Z 000000018000ec74 f   libvcruntime:frame.obj
 0001:0000dec4       ?DecompHandler@HandlerMap4@FH4@@AEAAXXZ 000000018000eec4 f i libvcruntime:frame.obj
 0001:0000e10c       ?FrameUnwindToState@__FrameHandler3@@SAXPEA_KPEAU_xDISPATCHER_CONTEXT@@PEBU_s_FuncInfo@@H@Z 000000018000f10c f   libvcruntime:frame.obj
 0001:0000e298       ?FrameUnwindToState@__FrameHandler4@@SAXPEA_KPEAU_xDISPATCHER_CONTEXT@@PEAUFuncInfo4@FH4@@H@Z 000000018000f298 f   libvcruntime:frame.obj
 0001:0000e5a0       ?GetHandlerSearchState@__FrameHandler3@@SAHPEA_KPEAU_xDISPATCHER_CONTEXT@@PEBU_s_FuncInfo@@@Z 000000018000f5a0 f i libvcruntime:frame.obj
 0001:0000e7b0       ?ReadEntry@UWMap4@FH4@@AEAAXPEAPEAE@Z 000000018000f7b0 f i libvcruntime:frame.obj
 0001:0000e84c       ?_CallMemberFunction1@@YAXQEAX00@Z 000000018000f84c f i libvcruntime:frame.obj
 0001:0000e858       ?_CallMemberFunction2@@YAXQEAX00H@Z 000000018000f858 f i libvcruntime:frame.obj
 0001:0000e868       ?getStartStop@UWMap4@FH4@@QEAAXHHAEAViterator@12@0@Z 000000018000f868 f i libvcruntime:frame.obj
 0001:0000e938       ?getStateFromIterators@UWMap4@FH4@@SAHAEBViterator@12@H0H0@Z 000000018000f938 f i libvcruntime:frame.obj
 0001:0000e9e8       ?what@exception@std@@UEBAPEBDXZ 000000018000f9e8 f i libvcruntime:frame.obj
 0001:0000ea10       memcpy_avx_ermsb_Intel     000000018000fa10 f   libvcruntime:memcpy_avx_ermsb_aligned.obj
 0001:0000ee40       memcpy_avx_ermsb_amd       000000018000fe40 f   libvcruntime:memcpy_avx_ermsb_aligned_amd.obj
 0001:0000f270       memcpy_sse2_ermsb_Intel    0000000180010270 f   libvcruntime:memcpy_sse2_ermsb_aligned.obj
 0001:0000f520       memcpy_sse2_ermsb_amd      0000000180010520 f   libvcruntime:memcpy_sse2_ermsb_aligned_amd.obj
 0001:0000f800       _CallSettingFrame          0000000180010800 f   libvcruntime:handlers.obj
 0001:0000f840       _CallSettingFrame_LookupContinuationIndex 0000000180010840 f   libvcruntime:handlers.obj
 0001:0000f870       _CallSettingFrame_NotifyContinuationAddr 0000000180010870 f   libvcruntime:handlers.obj
 0001:0000f8a0       _CallSettingFrameEncoded   00000001800108a0 f   libvcruntime:handlers.obj
 0001:0000f8e8       __std_exception_copy       00000001800108e8 f   libvcruntime:std_exception.obj
 0001:0000f978       __std_exception_destroy    0000000180010978 f   libvcruntime:std_exception.obj
 0001:0000f9a0       _CxxThrowException         00000001800109a0 f   libvcruntime:throw.obj
 0001:0000fa60       memcpy_repmovs_Intel       0000000180010a60 f   libvcruntime:memcpy_repmovs.obj
 0001:0000fa80       memcpy_CopyDown_Intel      0000000180010a80 f   libvcruntime:memcpy_CopyDown.obj
 0001:0000fb70       memcpy_repmovs_amd         0000000180010b70 f   libvcruntime:memcpy_repmovs_amd.obj
 0001:0000fb90       memcpy_CopyDown_amd        0000000180010b90 f   libvcruntime:memcpy_CopyDown_amd.obj
 0001:0000fc70       free                       0000000180010c70 f   libucrt:free.obj
 0001:0000fc78       _initterm                  0000000180010c78 f   libucrt:initterm.obj
 0001:0000fcb0       _initterm_e                0000000180010cb0 f   libucrt:initterm.obj
 0001:0000fcec       _seh_filter_dll            0000000180010cec f   libucrt:exception_filter.obj
 0001:0000fd00       _seh_filter_exe            0000000180010d00 f   libucrt:exception_filter.obj
 0001:000100dc       __acrt_initialize_thread_local_exit_callback 00000001800110dc f   libucrt:exit.obj
 0001:000100e4       _cexit                     00000001800110e4 f   libucrt:exit.obj
 0001:000100f4       _exit                      00000001800110f4 f   libucrt:exit.obj
 0001:00010100       _is_c_termination_complete 0000000180011100 f   libucrt:exit.obj
 0001:000102c8       __acrt_allocate_buffer_for_argv 00000001800112c8 f   libucrt:argv_parsing.obj
 0001:00010328       _configure_narrow_argv     0000000180011328 f   libucrt:argv_parsing.obj
 0001:000106ac       __dcrt_uninitialize_environments_nolock 00000001800116ac f   libucrt:environment_initialization.obj
 0001:000106f0       _initialize_narrow_environment 00000001800116f0 f   libucrt:environment_initialization.obj
 0001:0001084c       _execute_onexit_table      000000018001184c f   libucrt:onexit.obj
 0001:00010890       _initialize_onexit_table   0000000180011890 f   libucrt:onexit.obj
 0001:000108f0       __acrt_uninitialize_command_line 00000001800118f0 f   libucrt:argv_data.obj
 0001:000109e8       __acrt_initialize          00000001800119e8 f   libucrt:initialization.obj
 0001:000109fc       __acrt_thread_attach       00000001800119fc f   libucrt:initialization.obj
 0001:00010a10       __acrt_thread_detach       0000000180011a10 f   libucrt:initialization.obj
 0001:00010a20       __acrt_uninitialize        0000000180011a20 f   libucrt:initialization.obj
 0001:00010a58       __acrt_uninitialize_critical 0000000180011a58 f   libucrt:initialization.obj
 0001:00010a68       terminate                  0000000180011a68 f   libucrt:terminate.obj
 0001:00010a88       abort                      0000000180011a88 f   libucrt:abort.obj
 0001:00010ae0       malloc                     0000000180011ae0 f   libucrt:malloc.obj
 0001:00010ae8       strcpy_s                   0000000180011ae8 f   libucrt:strcpy_s.obj
 0001:00010cf8       ??$ensure_buffer_is_big_enough@D@formatting_buffer@__crt_stdio_output@@QEAA_N_KAEAV__crt_cached_ptd_host@@@Z 0000000180011cf8 f i libucrt:output.obj
 0001:00010da0       ??$parse_integer@KV?$c_string_character_source@D@__crt_strtox@@$0A@@__crt_strtox@@YAKAEAV__crt_cached_ptd_host@@V?$c_string_character_source@D@0@H_N@Z 0000000180011da0 f i libucrt:output.obj
 0001:00011054       ??$type_case_integer@$07@?$output_processor@DV?$string_output_adapter@D@__crt_stdio_output@@V?$format_validation_base@DV?$string_output_adapter@D@__crt_stdio_output@@@2@@__crt_stdio_output@@AEAA_N_N@Z 0000000180012054 f i libucrt:output.obj
 0001:00011054       ??$type_case_integer@$07@?$output_processor@DV?$string_output_adapter@D@__crt_stdio_output@@V?$standard_base@DV?$string_output_adapter@D@__crt_stdio_output@@@2@@__crt_stdio_output@@AEAA_N_N@Z 0000000180012054 f i libucrt:output.obj
 0001:00011258       ??$type_case_integer@$09@?$output_processor@DV?$string_output_adapter@D@__crt_stdio_output@@V?$format_validation_base@DV?$string_output_adapter@D@__crt_stdio_output@@@2@@__crt_stdio_output@@AEAA_N_N@Z 0000000180012258 f i libucrt:output.obj
 0001:00011258       ??$type_case_integer@$09@?$output_processor@DV?$string_output_adapter@D@__crt_stdio_output@@V?$standard_base@DV?$string_output_adapter@D@__crt_stdio_output@@@2@@__crt_stdio_output@@AEAA_N_N@Z 0000000180012258 f i libucrt:output.obj
 0001:0001145c       ??$type_case_integer@$0BA@@?$output_processor@DV?$string_output_adapter@D@__crt_stdio_output@@V?$format_validation_base@DV?$string_output_adapter@D@__crt_stdio_output@@@2@@__crt_stdio_output@@AEAA_N_N@Z 000000018001245c f i libucrt:output.obj
 0001:0001145c       ??$type_case_integer@$0BA@@?$output_processor@DV?$string_output_adapter@D@__crt_stdio_output@@V?$standard_base@DV?$string_output_adapter@D@__crt_stdio_output@@@2@@__crt_stdio_output@@AEAA_N_N@Z 000000018001245c f i libucrt:output.obj
 0001:00011660       ??$type_case_integer_parse_into_buffer@I$07@?$output_processor@DV?$string_output_adapter@D@__crt_stdio_output@@V?$format_validation_base@DV?$string_output_adapter@D@__crt_stdio_output@@@2@@__crt_stdio_output@@AEAAXI_N@Z 0000000180012660 f i libucrt:output.obj
 0001:00011660       ??$type_case_integer_parse_into_buffer@I$07@?$output_processor@DV?$string_output_adapter@D@__crt_stdio_output@@V?$standard_base@DV?$string_output_adapter@D@__crt_stdio_output@@@2@@__crt_stdio_output@@AEAAXI_N@Z 0000000180012660 f i libucrt:output.obj
 0001:000116d0       ??$type_case_integer_parse_into_buffer@I$09@?$output_processor@DV?$string_output_adapter@D@__crt_stdio_output@@V?$format_validation_base@DV?$string_output_adapter@D@__crt_stdio_output@@@2@@__crt_stdio_output@@AEAAXI_N@Z 00000001800126d0 f i libucrt:output.obj
 0001:000116d0       ??$type_case_integer_parse_into_buffer@I$09@?$output_processor@DV?$string_output_adapter@D@__crt_stdio_output@@V?$standard_base@DV?$string_output_adapter@D@__crt_stdio_output@@@2@@__crt_stdio_output@@AEAAXI_N@Z 00000001800126d0 f i libucrt:output.obj
 0001:0001177c       ??$type_case_integer_parse_into_buffer@I$0BA@@?$output_processor@DV?$string_output_adapter@D@__crt_stdio_output@@V?$format_validation_base@DV?$string_output_adapter@D@__crt_stdio_output@@@2@@__crt_stdio_output@@AEAAXI_N@Z 000000018001277c f i libucrt:output.obj
 0001:0001177c       ??$type_case_integer_parse_into_buffer@I$0BA@@?$output_processor@DV?$string_output_adapter@D@__crt_stdio_output@@V?$standard_base@DV?$string_output_adapter@D@__crt_stdio_output@@@2@@__crt_stdio_output@@AEAAXI_N@Z 000000018001277c f i libucrt:output.obj
 0001:00011800       ??$type_case_integer_parse_into_buffer@_K$07@?$output_processor@DV?$string_output_adapter@D@__crt_stdio_output@@V?$format_validation_base@DV?$string_output_adapter@D@__crt_stdio_output@@@2@@__crt_stdio_output@@AEAAX_K_N@Z 0000000180012800 f i libucrt:output.obj
 0001:00011800       ??$type_case_integer_parse_into_buffer@_K$07@?$output_processor@DV?$string_output_adapter@D@__crt_stdio_output@@V?$standard_base@DV?$string_output_adapter@D@__crt_stdio_output@@@2@@__crt_stdio_output@@AEAAX_K_N@Z 0000000180012800 f i libucrt:output.obj
 0001:00011870       ??$type_case_integer_parse_into_buffer@_K$09@?$output_processor@DV?$string_output_adapter@D@__crt_stdio_output@@V?$format_validation_base@DV?$string_output_adapter@D@__crt_stdio_output@@@2@@__crt_stdio_output@@AEAAX_K_N@Z 0000000180012870 f i libucrt:output.obj
 0001:00011870       ??$type_case_integer_parse_into_buffer@_K$09@?$output_processor@DV?$string_output_adapter@D@__crt_stdio_output@@V?$standard_base@DV?$string_output_adapter@D@__crt_stdio_output@@@2@@__crt_stdio_output@@AEAAX_K_N@Z 0000000180012870 f i libucrt:output.obj
 0001:00011920       ??$type_case_integer_parse_into_buffer@_K$0BA@@?$output_processor@DV?$string_output_adapter@D@__crt_stdio_output@@V?$format_validation_base@DV?$string_output_adapter@D@__crt_stdio_output@@@2@@__crt_stdio_output@@AEAAX_K_N@Z 0000000180012920 f i libucrt:output.obj
 0001:00011920       ??$type_case_integer_parse_into_buffer@_K$0BA@@?$output_processor@DV?$string_output_adapter@D@__crt_stdio_output@@V?$standard_base@DV?$string_output_adapter@D@__crt_stdio_output@@@2@@__crt_stdio_output@@AEAAX_K_N@Z 0000000180012920 f i libucrt:output.obj
 0001:000119a4       ?crop_zeroes@__crt_stdio_output@@YAXPEADQEAU__crt_locale_pointers@@@Z 00000001800129a4 f i libucrt:output.obj
 0001:00011a10       ?get_raw_ptd@__crt_cached_ptd_host@@QEAAPEAU__acrt_ptd@@XZ 0000000180012a10 f i libucrt:output.obj
 0001:00011a78       ?parse_int_from_format_string@?$output_processor@DV?$string_output_adapter@D@__crt_stdio_output@@V?$format_validation_base@DV?$string_output_adapter@D@__crt_stdio_output@@@2@@__crt_stdio_output@@AEAA_NQEAH@Z 0000000180012a78 f i libucrt:output.obj
 0001:00011a78       ?parse_int_from_format_string@?$output_processor@DV?$string_output_adapter@D@__crt_stdio_output@@V?$standard_base@DV?$string_output_adapter@D@__crt_stdio_output@@@2@@__crt_stdio_output@@AEAA_NQEAH@Z 0000000180012a78 f i libucrt:output.obj
 0001:00011b08       ?process@?$output_processor@DV?$string_output_adapter@D@__crt_stdio_output@@V?$format_validation_base@DV?$string_output_adapter@D@__crt_stdio_output@@@2@@__crt_stdio_output@@QEAAHXZ 0000000180012b08 f i libucrt:output.obj
 0001:00011e70       ?process@?$output_processor@DV?$string_output_adapter@D@__crt_stdio_output@@V?$standard_base@DV?$string_output_adapter@D@__crt_stdio_output@@@2@@__crt_stdio_output@@QEAAHXZ 0000000180012e70 f i libucrt:output.obj
 0001:000121e0       ?state_case_size@?$output_processor@DV?$string_output_adapter@D@__crt_stdio_output@@V?$format_validation_base@DV?$string_output_adapter@D@__crt_stdio_output@@@2@@__crt_stdio_output@@AEAA_NXZ 00000001800131e0 f i libucrt:output.obj
 0001:000121e0       ?state_case_size@?$output_processor@DV?$string_output_adapter@D@__crt_stdio_output@@V?$standard_base@DV?$string_output_adapter@D@__crt_stdio_output@@@2@@__crt_stdio_output@@AEAA_NXZ 00000001800131e0 f i libucrt:output.obj
 0001:00012368       ?state_case_type@?$output_processor@DV?$string_output_adapter@D@__crt_stdio_output@@V?$format_validation_base@DV?$string_output_adapter@D@__crt_stdio_output@@@2@@__crt_stdio_output@@AEAA_NXZ 0000000180013368 f i libucrt:output.obj
 0001:00012368       ?state_case_type@?$output_processor@DV?$string_output_adapter@D@__crt_stdio_output@@V?$standard_base@DV?$string_output_adapter@D@__crt_stdio_output@@@2@@__crt_stdio_output@@AEAA_NXZ 0000000180013368 f i libucrt:output.obj
 0001:000127d8       ?type_case_Z@?$output_processor@DV?$string_output_adapter@D@__crt_stdio_output@@V?$format_validation_base@DV?$string_output_adapter@D@__crt_stdio_output@@@2@@__crt_stdio_output@@AEAA_NXZ 00000001800137d8 f i libucrt:output.obj
 0001:000127d8       ?type_case_Z@?$output_processor@DV?$string_output_adapter@D@__crt_stdio_output@@V?$standard_base@DV?$string_output_adapter@D@__crt_stdio_output@@@2@@__crt_stdio_output@@AEAA_NXZ 00000001800137d8 f i libucrt:output.obj
 0001:00012854       ?type_case_a@?$output_processor@DV?$string_output_adapter@D@__crt_stdio_output@@V?$format_validation_base@DV?$string_output_adapter@D@__crt_stdio_output@@@2@@__crt_stdio_output@@AEAA_NXZ 0000000180013854 f i libucrt:output.obj
 0001:00012854       ?type_case_a@?$output_processor@DV?$string_output_adapter@D@__crt_stdio_output@@V?$standard_base@DV?$string_output_adapter@D@__crt_stdio_output@@@2@@__crt_stdio_output@@AEAA_NXZ 0000000180013854 f i libucrt:output.obj
 0001:00012ab0       ?type_case_c_tchar@?$output_processor@DV?$string_output_adapter@D@__crt_stdio_output@@V?$format_validation_base@DV?$string_output_adapter@D@__crt_stdio_output@@@2@@__crt_stdio_output@@AEAA_ND@Z 0000000180013ab0 f i libucrt:output.obj
 0001:00012ab0       ?type_case_c_tchar@?$output_processor@DV?$string_output_adapter@D@__crt_stdio_output@@V?$standard_base@DV?$string_output_adapter@D@__crt_stdio_output@@@2@@__crt_stdio_output@@AEAA_ND@Z 0000000180013ab0 f i libucrt:output.obj
 0001:00012b84       ?type_case_n@?$output_processor@DV?$string_output_adapter@D@__crt_stdio_output@@V?$format_validation_base@DV?$string_output_adapter@D@__crt_stdio_output@@@2@@__crt_stdio_output@@AEAA_NXZ 0000000180013b84 f i libucrt:output.obj
 0001:00012b84       ?type_case_n@?$output_processor@DV?$string_output_adapter@D@__crt_stdio_output@@V?$standard_base@DV?$string_output_adapter@D@__crt_stdio_output@@@2@@__crt_stdio_output@@AEAA_NXZ 0000000180013b84 f i libucrt:output.obj
 0001:00012c3c       ?type_case_s@?$output_processor@DV?$string_output_adapter@D@__crt_stdio_output@@V?$format_validation_base@DV?$string_output_adapter@D@__crt_stdio_output@@@2@@__crt_stdio_output@@AEAA_NXZ 0000000180013c3c f i libucrt:output.obj
 0001:00012c3c       ?type_case_s@?$output_processor@DV?$string_output_adapter@D@__crt_stdio_output@@V?$standard_base@DV?$string_output_adapter@D@__crt_stdio_output@@@2@@__crt_stdio_output@@AEAA_NXZ 0000000180013c3c f i libucrt:output.obj
 0001:00012ce0       ?update_locale_slow@__crt_cached_ptd_host@@AEAAXXZ 0000000180013ce0 f i libucrt:output.obj
 0001:00012d58       ?write_string@?$string_output_adapter@D@__crt_stdio_output@@QEBAXQEBDHQEAHAEAV__crt_cached_ptd_host@@@Z 0000000180013d58 f i libucrt:output.obj
 0001:00012dfc       __stdio_common_vsprintf    0000000180013dfc f   libucrt:output.obj
 0001:00013050       __stdio_common_vsprintf_s  0000000180014050 f   libucrt:output.obj
 0001:00013164       ??$parse_integer@KV?$c_string_character_source@D@__crt_strtox@@$00@__crt_strtox@@YAKAEAV__crt_cached_ptd_host@@V?$c_string_character_source@D@0@H_N@Z 0000000180014164 f i libucrt:atox.obj
 0001:00013440       _ischartype_l              0000000180014440 f i libucrt:atox.obj
 0001:000134b8       atol                       00000001800144b8 f   libucrt:atox.obj
 0001:00013570       calloc                     0000000180014570 f   libucrt:calloc.obj
 0001:00013578       wcsncmp                    0000000180014578 f   libucrt:wcsncmp.obj
 0001:000135b0       _free_base                 00000001800145b0 f   libucrt:free_base.obj
 0001:00013920       ?internal_get_ptd_head_slow@@YAPEAU__acrt_ptd@@XZ 0000000180014920 f   libucrt:per_thread_data.obj
 0001:00013a40       __acrt_freeptd             0000000180014a40 f   libucrt:per_thread_data.obj
 0001:00013a90       __acrt_getptd              0000000180014a90 f   libucrt:per_thread_data.obj
 0001:00013aac       __acrt_getptd_head         0000000180014aac f   libucrt:per_thread_data.obj
 0001:00013af0       __acrt_getptd_noexit       0000000180014af0 f   libucrt:per_thread_data.obj
 0001:00013b80       __acrt_getptd_noexit_explicit 0000000180014b80 f   libucrt:per_thread_data.obj
 0001:00013bdc       __acrt_initialize_ptd      0000000180014bdc f   libucrt:per_thread_data.obj
 0001:00013c20       __acrt_uninitialize_ptd    0000000180014c20 f   libucrt:per_thread_data.obj
 0001:00013c44       __acrt_initialize_locks    0000000180014c44 f   libucrt:locks.obj
 0001:00013c8c       __acrt_lock                0000000180014c8c f   libucrt:locks.obj
 0001:00013ca8       __acrt_uninitialize_locks  0000000180014ca8 f   libucrt:locks.obj
 0001:00013ce0       __acrt_unlock              0000000180014ce0 f   libucrt:locks.obj
 0001:00013cfc       __acrt_app_verifier_enabled 0000000180014cfc f   libucrt:peb_access.obj
 0001:00013d18       __acrt_is_secure_process   0000000180014d18 f   libucrt:peb_access.obj
 0001:00013d30       __acrt_get_process_end_policy 0000000180014d30 f   libucrt:win_policies.obj
 0001:00013d60       ?get_raw_ptd_noexit@__crt_cached_ptd_host@@QEAAPEAU__acrt_ptd@@XZ 0000000180014d60 f i libucrt:invalid_parameter.obj
 0001:00013dcc       ?value@?$dual_state_global@P6AXPEB_W00I_K@Z@__crt_state_management@@QEAAAEAP6AXPEB_W00I_K@ZAEAV__crt_cached_ptd_host@@@Z 0000000180014dcc f i libucrt:invalid_parameter.obj
 0001:00013e18       __acrt_call_reportfault    0000000180014e18 f   libucrt:invalid_parameter.obj
 0001:00013f88       __acrt_initialize_invalid_parameter_handler 0000000180014f88 f   libucrt:invalid_parameter.obj
 0001:00013f90       _invalid_parameter         0000000180014f90 f   libucrt:invalid_parameter.obj
 0001:0001402c       _invalid_parameter_internal 000000018001502c f   libucrt:invalid_parameter.obj
 0001:000140e4       _invalid_parameter_noinfo  00000001800150e4 f   libucrt:invalid_parameter.obj
 0001:00014104       _invoke_watson             0000000180015104 f   libucrt:invalid_parameter.obj
 0001:0001414c       __acrt_errno_from_os_error 000000018001514c f   libucrt:errno.obj
 0001:0001421c       __acrt_errno_map_os_error  000000018001521c f   libucrt:errno.obj
 0001:00014244       __acrt_errno_map_os_error_ptd 0000000180015244 f   libucrt:errno.obj
 0001:00014268       __doserrno                 0000000180015268 f   libucrt:errno.obj
 0001:0001428c       _errno                     000000018001528c f   libucrt:errno.obj
 0001:000142b0       _calloc_base               00000001800152b0 f   libucrt:calloc_base.obj
 0001:0001433c       ??$__acrt_convert_wcs_mbs_cp@D_WV<lambda_7c9dea7b4ca7285d2cdb541a38da6275>@@U__crt_win32_buffer_internal_dynamic_resizing@@@@YAHQEBDAEAV?$__crt_win32_buffer@_WU__crt_win32_buffer_internal_dynamic_resizing@@@@AEBV<lambda_7c9dea7b4ca7285d2cdb541a38da6275>@@I@Z 000000018001533c f i libucrt:argv_wildcards.obj
 0001:000144dc       ??$__acrt_convert_wcs_mbs_cp@_WDV<lambda_d8593a27d1aa8c02be35c86a17d324c4>@@U__crt_win32_buffer_internal_dynamic_resizing@@@@YAHQEB_WAEAV?$__crt_win32_buffer@DU__crt_win32_buffer_internal_dynamic_resizing@@@@AEBV<lambda_d8593a27d1aa8c02be35c86a17d324c4>@@I@Z 00000001800154dc f i libucrt:argv_wildcards.obj
 0001:00014da8       ??0_LocaleUpdate@@QEAA@QEAU__crt_locale_pointers@@@Z 0000000180015da8 f i libucrt:argv_wildcards.obj
 0001:00014e44       __acrt_expand_narrow_argv_wildcards 0000000180015e44 f   libucrt:argv_wildcards.obj
 0001:00014e4c       ??$__acrt_convert_wcs_mbs_cp@_WDV<lambda_f788ae46380686e8b737efdd8c720d07>@@U__crt_win32_buffer_no_resizing@@@@YAHQEB_WAEAV?$__crt_win32_buffer@DU__crt_win32_buffer_no_resizing@@@@AEBV<lambda_f788ae46380686e8b737efdd8c720d07>@@I@Z 0000000180015e4c f i libucrt:getmodulefilenamea.obj
 0001:00014f68       __acrt_GetModuleFileNameA  0000000180015f68 f   libucrt:getmodulefilenamea.obj
 0001:00015894       __acrt_initialize_multibyte 0000000180016894 f   libucrt:mbctype.obj
 0001:000158f4       __acrt_update_thread_multibyte_data 00000001800168f4 f   libucrt:mbctype.obj
 0001:00015910       _setmbcp_nolock            0000000180016910 f   libucrt:mbctype.obj
 0001:00015c4c       _ismbblead                 0000000180016c4c f   libucrt:ismbbyte.obj
 0001:00015c60       __acrt_initialize_command_line 0000000180016c60 f   libucrt:argv_data.obj
 0001:00015c88       __acrt_MultiByteToWideChar 0000000180016c88 f   libucrt:multibytetowidechar.obj
 0001:00015d18       __acrt_WideCharToMultiByte 0000000180016d18 f   libucrt:widechartomultibyte.obj
 0001:00015df8       __dcrt_get_narrow_environment_from_os 0000000180016df8 f   libucrt:get_environment_from_os.obj
 0001:00015f10       _recalloc_base             0000000180016f10 f   libucrt:recalloc.obj
 0001:00015fb0       _recalloc                  0000000180016fb0 f   libucrt:recalloc.obj
 0001:0001616c       __acrt_AppPolicyGetProcessTerminationMethodInternal 000000018001716c f   libucrt:winapi_thunks.obj
 0001:000161c8       __acrt_AreFileApisANSI     00000001800171c8 f   libucrt:winapi_thunks.obj
 0001:00016214       __acrt_FlsAlloc            0000000180017214 f   libucrt:winapi_thunks.obj
 0001:0001621c       __acrt_FlsFree             000000018001721c f   libucrt:winapi_thunks.obj
 0001:00016224       __acrt_FlsGetValue         0000000180017224 f   libucrt:winapi_thunks.obj
 0001:0001622c       __acrt_FlsGetValue2        000000018001722c f   libucrt:winapi_thunks.obj
 0001:00016238       __acrt_FlsSetValue         0000000180017238 f   libucrt:winapi_thunks.obj
 0001:00016240       __acrt_InitializeCriticalSectionEx 0000000180017240 f   libucrt:winapi_thunks.obj
 0001:00016248       __acrt_LCMapStringEx       0000000180017248 f   libucrt:winapi_thunks.obj
 0001:0001633c       __acrt_LocaleNameToLCID    000000018001733c f   libucrt:winapi_thunks.obj
 0001:000163a0       __acrt_initialize_winapi_thunks 00000001800173a0 f   libucrt:winapi_thunks.obj
 0001:000163d0       __acrt_tls2_supported      00000001800173d0 f   libucrt:winapi_thunks.obj
 0001:00016414       __acrt_uninitialize_winapi_thunks 0000000180017414 f   libucrt:winapi_thunks.obj
 0001:00016460       _get_heap_handle           0000000180017460 f   libucrt:heap_handle.obj
 0001:00016470       __acrt_initialize_heap     0000000180017470 f   libucrt:heap_handle.obj
 0001:000164a0       __acrt_uninitialize_heap   00000001800174a0 f   libucrt:heap_handle.obj
 0001:000164c0       __acrt_getheap             00000001800174c0 f   libucrt:heap_handle.obj
 0001:000166d0       __acrt_initialize_lowio    00000001800176d0 f   libucrt:ioinit.obj
 0001:0001670c       __acrt_uninitialize_lowio  000000018001770c f   libucrt:ioinit.obj
 0001:0001674c       __acrt_execute_initializers 000000018001774c f   libucrt:shared_initialization.obj
 0001:000167cc       __acrt_execute_uninitializers 00000001800177cc f   libucrt:shared_initialization.obj
 0001:00016810       _callnewh                  0000000180017810 f   libucrt:new_handler.obj
 0001:00016850       __acrt_initialize_new_handler 0000000180017850 f   libucrt:new_handler.obj
 0001:00016860       _query_new_handler         0000000180017860 f   libucrt:new_handler.obj
 0001:000168a0       _set_new_handler           00000001800178a0 f   libucrt:new_handler.obj
 0001:00016900       ?_set_new_handler@@YAP6AH_K@ZH@Z 0000000180017900 f   libucrt:new_handler.obj
 0001:00016954       __acrt_get_sigabrt_handler 0000000180017954 f   libucrt:signal.obj
 0001:00016984       __acrt_initialize_signal_handlers 0000000180017984 f   libucrt:signal.obj
 0001:000169a4       raise                      00000001800179a4 f   libucrt:signal.obj
 0001:00016c00       __acrt_has_user_matherr    0000000180017c00 f   libucrt:matherr.obj
 0001:00016c20       __acrt_initialize_user_matherr 0000000180017c20 f   libucrt:matherr.obj
 0001:00016c30       __acrt_invoke_user_matherr 0000000180017c30 f   libucrt:matherr.obj
 0001:00016e40       __acrt_stdio_flush_nolock  0000000180017e40 f   libucrt:fflush.obj
 0001:00016ecc       _fflush_nolock             0000000180017ecc f   libucrt:fflush.obj
 0001:00016fa0       _flushall                  0000000180017fa0 f   libucrt:fflush.obj
 0001:00016fa8       __acrt_initialize_stdio    0000000180017fa8 f   libucrt:_file.obj
 0001:000170c8       __acrt_uninitialize_stdio  00000001800180c8 f   libucrt:_file.obj
 0001:00017124       _lock_file                 0000000180018124 f   libucrt:_file.obj
 0001:00017130       _unlock_file               0000000180018130 f   libucrt:_file.obj
 0001:00017140       _malloc_base               0000000180018140 f   libucrt:malloc_base.obj
 0001:000171a0       strnlen                    00000001800181a0 f   libucrt:strnlen.obj
 0001:0001730c       wcsnlen                    000000018001830c f   libucrt:strnlen.obj
 0001:00017500       __acrt_update_locale_info  0000000180018500 f   libucrt:locale_update.obj
 0001:00017534       __acrt_update_locale_info_explicit 0000000180018534 f   libucrt:locale_update.obj
 0001:0001756c       __acrt_update_multibyte_info 000000018001856c f   libucrt:locale_update.obj
 0001:000175a0       __acrt_update_multibyte_info_explicit 00000001800185a0 f   libucrt:locale_update.obj
 0001:000180e8       __acrt_fp_format           00000001800190e8 f   libucrt:cvt.obj
 0001:000183d0       _wctomb_internal           00000001800193d0 f   libucrt:wctomb.obj
 0001:00018580       _mbtowc_internal           0000000180019580 f   libucrt:mbtowc.obj
 0001:000186f8       ?__mblen_utf8@__crt_mbstring@@YAHPEBD@Z 00000001800196f8 f   libucrt:mbrtoc32.obj
 0001:00018730       ?__mbrtoc32_utf8@__crt_mbstring@@YA_KPEA_UPEBD_KPEAU_Mbstatet@@AEAV__crt_cached_ptd_host@@@Z 0000000180019730 f   libucrt:mbrtoc32.obj
 0001:000188f0       ?__c16rtomb_utf8@__crt_mbstring@@YA_KPEAD_SPEAU_Mbstatet@@AEAV__crt_cached_ptd_host@@@Z 00000001800198f0 f   libucrt:c16rtomb.obj
 0001:00018994       ?__mbrtowc_utf8@__crt_mbstring@@YA_KPEA_WPEBD_KPEAU_Mbstatet@@AEAV__crt_cached_ptd_host@@@Z 0000000180019994 f   libucrt:mbrtowc.obj
 0001:000189dc       ?__mbsrtowcs_utf8@__crt_mbstring@@YA_KPEA_WPEAPEBD_KPEAU_Mbstatet@@AEAV__crt_cached_ptd_host@@@Z 00000001800199dc f   libucrt:mbrtowc.obj
 0001:00018b94       _fileno                    0000000180019b94 f   libucrt:fileno.obj
 0001:00018bbc       _get_printf_count_output   0000000180019bbc f   libucrt:printf_count_output.obj
 0001:00018c44       __acrt_set_locale_changed  0000000180019c44 f   libucrt:wsetlocale.obj
 0001:00018c50       __acrt_uninitialize_locale 0000000180019c50 f   libucrt:wsetlocale.obj
 0001:00018c80       __pctype_func              0000000180019c80 f   libucrt:ctype.obj
 0001:00018cb0       _isctype_l                 0000000180019cb0 f   libucrt:isctype.obj
 0001:00018db8       __acrt_add_locale_ref      0000000180019db8 f   libucrt:locale_refcounting.obj
 0001:00018e44       __acrt_free_locale         0000000180019e44 f   libucrt:locale_refcounting.obj
 0001:00018fbc       __acrt_locale_add_lc_time_reference 0000000180019fbc f   libucrt:locale_refcounting.obj
 0001:00018fe4       __acrt_locale_free_lc_time_if_unreferenced 0000000180019fe4 f   libucrt:locale_refcounting.obj
 0001:0001901c       __acrt_locale_release_lc_time_reference 000000018001a01c f   libucrt:locale_refcounting.obj
 0001:00019044       __acrt_release_locale_ref  000000018001a044 f   libucrt:locale_refcounting.obj
 0001:000190ec       __acrt_update_thread_locale_data 000000018001a0ec f   libucrt:locale_refcounting.obj
 0001:0001915c       _updatetlocinfoEx_nolock   000000018001a15c f   libucrt:locale_refcounting.obj
 0001:000191d0       _query_new_mode            000000018001a1d0 f   libucrt:new_mode.obj
 0001:000191e0       _set_new_mode              000000018001a1e0 f   libucrt:new_mode.obj
 0001:00019210       qsort                      000000018001a210 f   libucrt:qsort.obj
 0001:000195a8       strncpy_s                  000000018001a5a8 f   libucrt:strncpy_s.obj
 0001:00019710       strpbrk                    000000018001a710 f   libucrt:strpbrk.obj
 0001:00019ac8       _mbsdec                    000000018001aac8 f   libucrt:mbsdec.obj
 0001:00019ad0       _mbsdec_l                  000000018001aad0 f   libucrt:mbsdec.obj
 0001:00019b64       __acrt_GetStringTypeA      000000018001ab64 f   libucrt:getstringtypea.obj
 0001:0001a028       __acrt_LCMapStringA        000000018001b028 f   libucrt:lcmapstringa.obj
 0001:0001a0e0       _msize_base                000000018001b0e0 f   libucrt:msize.obj
 0001:0001a120       _msize                     000000018001b120 f   libucrt:msize.obj
 0001:0001a130       _realloc_base              000000018001b130 f   libucrt:realloc_base.obj
 0001:0001a1ac       __acrt_DownlevelLocaleNameToLCID 000000018001b1ac f   libucrt:lcidtoname_downlevel.obj
 0001:0001a254       __acrt_lowio_create_handle_array 000000018001b254 f   libucrt:osfinfo.obj
 0001:0001a2fc       __acrt_lowio_destroy_handle_array 000000018001b2fc f   libucrt:osfinfo.obj
 0001:0001a34c       __acrt_lowio_ensure_fh_exists 000000018001b34c f   libucrt:osfinfo.obj
 0001:0001a3f4       __acrt_lowio_lock_fh       000000018001b3f4 f   libucrt:osfinfo.obj
 0001:0001a41c       __acrt_lowio_unlock_fh     000000018001b41c f   libucrt:osfinfo.obj
 0001:0001a444       _free_osfhnd               000000018001b444 f   libucrt:osfinfo.obj
 0001:0001a500       _get_osfhandle             000000018001b500 f   libucrt:osfinfo.obj
 0001:0001a604       _commit                    000000018001b604 f   libucrt:commit.obj
 0001:0001aec4       _write_internal            000000018001bec4 f   libucrt:write.obj
 0001:0001afe4       _write_nolock              000000018001bfe4 f   libucrt:write.obj
 0001:0001b314       _fcloseall                 000000018001c314 f   libucrt:closeall.obj
 0001:0001b3c8       __acrt_stdio_free_buffer_nolock 000000018001c3c8 f   libucrt:_freebuf.obj
 0001:0001b40c       _isatty                    000000018001c40c f   libucrt:isatty.obj
 0001:0001b53c       __acrt_fp_strflt_to_string 000000018001c53c f   libucrt:_fptostr.obj
 0001:0001b650       ?divide@__crt_strtox@@YA_KAEAUbig_integer@1@AEBU21@@Z 000000018001c650 f i libucrt:cfout.obj
 0001:0001badc       __acrt_fltout              000000018001cadc f   libucrt:cfout.obj
 0001:0001cdf0       fegetround                 000000018001ddf0 f   libucrt:fegetround.obj
 0001:0001ce04       ?__c32rtomb_utf8@__crt_mbstring@@YA_KPEAD_UPEAU_Mbstatet@@AEAV__crt_cached_ptd_host@@@Z 000000018001de04 f   libucrt:c32rtomb.obj
 0001:0001cea8       ?reset_and_return@__crt_mbstring@@YA_K_KPEAU_Mbstatet@@@Z 000000018001dea8 f   libucrt:common_utf8.obj
 0001:0001ceb0       ?return_illegal_sequence@__crt_mbstring@@YA_KPEAU_Mbstatet@@AEAV__crt_cached_ptd_host@@@Z 000000018001deb0 f   libucrt:common_utf8.obj
 0001:0001cec4       __acrt_locale_free_monetary 000000018001dec4 f   libucrt:initmon.obj
 0001:0001cfd0       __acrt_locale_free_numeric 000000018001dfd0 f   libucrt:initnum.obj
 0001:0001d070       __acrt_locale_free_time    000000018001e070 f   libucrt:inittime.obj
 0001:0001d178       _guard_check_icall         000000018001e178 f i libucrt:checkcfg.obj
 0001:0001d190       __strncnt                  000000018001e190 f   libucrt:strncnt.obj
 0001:0001d1a8       __ascii_wcsnicmp           000000018001e1a8 f   libucrt:wcsnicmp.obj
 0001:0001d1f4       _query_app_type            000000018001e1f4 f   libucrt:report_runtime_error.obj
 0001:0001d2ac       _lseeki64_nolock_internal  000000018001e2ac f   libucrt:lseek.obj
 0001:0001d2b4       _putwch_nolock             000000018001e2b4 f   libucrt:putwch.obj
 0001:0001d418       fclose                     000000018001e418 f   libucrt:fclose.obj
 0001:0001d4b0       _controlfp_s               000000018001e4b0 f   libucrt:contrlfp.obj
 0001:0001d520       fegetenv                   000000018001e520 f   libucrt:fegetenv.obj
 0001:0001d540       fesetenv                   000000018001e540 f   libucrt:fesetenv.obj
 0001:0001d5b0       feholdexcept               000000018001e5b0 f   libucrt:feholdexcept.obj
 0001:0001d610       ceil                       000000018001e610 f   libucrt:ceil.obj
 0001:0001d6e0       log10                      000000018001e6e0 f   libucrt:log10.obj
 0001:0001dc90       __acrt_fenv_get_common_round_control 000000018001ec90 f   libucrt:_fenvutils.obj
 0001:0001dca0       __acrt_fenv_get_control    000000018001eca0 f   libucrt:_fenvutils.obj
 0001:0001dd80       __acrt_fenv_get_status     000000018001ed80 f   libucrt:_fenvutils.obj
 0001:0001dde0       __acrt_fenv_set_control    000000018001ede0 f   libucrt:_fenvutils.obj
 0001:0001df10       __acrt_fenv_set_status     000000018001ef10 f   libucrt:_fenvutils.obj
 0001:0001df84       __dcrt_lowio_ensure_console_output_initialized 000000018001ef84 f   libucrt:initcon.obj
 0001:0001dfd8       __dcrt_terminate_console_output 000000018001efd8 f   libucrt:initcon.obj
 0001:0001dff4       __dcrt_write_console       000000018001eff4 f   libucrt:initcon.obj
 0001:0001e12c       _close_internal            000000018001f12c f   libucrt:close.obj
 0001:0001e1f0       _close_nolock_internal     000000018001f1f0 f   libucrt:close.obj
 0001:0001e2c0       ?__acrt_stdio_free_stream@@YAXV__crt_stdio_stream@@@Z 000000018001f2c0 f   libucrt:stream.obj
 0001:0001e2dc       _clearfp                   000000018001f2dc f   libucrt:ieee.obj
 0001:0001e338       _control87                 000000018001f338 f   libucrt:ieee.obj
 0001:0001e6f0       _handle_error              000000018001f6f0 f   libucrt:libm_error.obj
 0001:0001e830       _handle_nan                000000018001f830 f   libucrt:libm_error.obj
 0001:0001e850       ceil_sse41                 000000018001f850 f   libucrt:floorceil_sse41.obj
 0001:0001e860       __acrt_initialize_fma3     000000018001f860 f   libucrt:fma3_available.obj
 0001:0001e914       _log10_special             000000018001f914 f   libucrt:log_special.obj
 0001:0001e9cc       _clrfp                     000000018001f9cc f   libucrt:fpctrl.obj
 0001:0001e9ec       _ctrlfp                    000000018001f9ec f   libucrt:fpctrl.obj
 0001:0001ea60       _get_fpcsr                 000000018001fa60 f   libucrt:fpctrl.obj
 0001:0001ea60       _get_fpsr                  000000018001fa60 f   libucrt:fpctrl.obj
 0001:0001ea6c       _set_fpcsr                 000000018001fa6c f   libucrt:fpctrl.obj
 0001:0001ea6c       _set_fpsr                  000000018001fa6c f   libucrt:fpctrl.obj
 0001:0001ea78       _set_statfp                000000018001fa78 f   libucrt:fpctrl.obj
 0001:0001ea98       _statfp                    000000018001fa98 f   libucrt:fpctrl.obj
 0001:0001eab0       _raise_exc                 000000018001fab0 f   libucrt:fpexcept.obj
 0001:0001eae0       _raise_exc_ex              000000018001fae0 f   libucrt:fpexcept.obj
 0001:0001edf0       _set_errno_from_matherr    000000018001fdf0 f   libucrt:fpexcept.obj
 0001:0001ee30       _FindPESection             000000018001fe30 f   LIBCMT:pesect.obj
[...]
 0002:0000b06c       $unwind$??$?RV<lambda_410d79af7f07d98d83a3f525b3859a53>@@AEAV<lambda_3e16ef9562a7dcce91392c22ab16ea36>@@V<lambda_38119f0e861e05405d8a144b9b982f0a>@@@?$__crt_seh_guarded_call@X@@QEAAX$$QEAV<lambda_410d79af7f07d98d83a3f525b3859a53>@@AEAV<lambda_3e16ef9562a7dcce91392c22ab16ea36>@@$$QEAV<lambda_38119f0e861e05405d8a144b9b982f0a>@@@Z 000000018002d06c     libucrt:wsetlocale.obj
 0002:0000b094       $unwind$_isctype_l         000000018002d094     libucrt:isctype.obj
 0002:0000b0b0       $unwind$__acrt_update_thread_locale_data 000000018002d0b0     libucrt:locale_refcounting.obj
 0002:0000b0d4       $unwind$_set_new_mode      000000018002d0d4     libucrt:new_mode.obj
 0002:0000b0dc       $unwind$qsort              000000018002d0dc     libucrt:qsort.obj
 0002:0000b0f4       $chain$3$qsort             000000018002d0f4     libucrt:qsort.obj
 0002:0000b114       $chain$4$qsort             000000018002d114     libucrt:qsort.obj
 0002:0000b124       $unwind$strpbrk            000000018002d124     libucrt:strpbrk.obj
 0002:0000b134       $unwind$fallbackMethod     000000018002d134     libucrt:strpbrk.obj
 0002:0000b144       $unwind$__acrt_GetStringTypeA 000000018002d144     libucrt:getstringtypea.obj
 0002:0000b16c       $unwind$__acrt_LCMapStringA 000000018002d16c     libucrt:lcmapstringa.obj
 0002:0000b17c       $unwind$?__acrt_LCMapStringA_stat@@YAHPEAU__crt_locale_pointers@@PEB_WKPEBDHPEADHHH@Z 000000018002d17c     libucrt:lcmapstringa.obj
 0002:0000b1a4       $unwind$_msize_base        000000018002d1a4     libucrt:msize.obj
 0002:0000b1ac       $unwind$_realloc_base      000000018002d1ac     libucrt:realloc_base.obj
 0002:0000b1b8       $unwind$__acrt_lowio_destroy_handle_array 000000018002d1b8     libucrt:osfinfo.obj
 0002:0000b1c8       $unwind$__acrt_lowio_ensure_fh_exists 000000018002d1c8     libucrt:osfinfo.obj
 0002:0000b1f4       $unwind$_commit            000000018002d1f4     libucrt:commit.obj
 0002:0000b1fc       $unwind$??$?RV<lambda_a37b2b86f63e897a80ea819b0eb08c01>@@AEAV<lambda_38ce7e780aa69e748d6df282ebc68efe>@@V<lambda_99fb1378e971ab6e7edea83e3a7a83a2>@@@?$__crt_seh_guarded_call@H@@QEAAH$$QEAV<lambda_a37b2b86f63e897a80ea819b0eb08c01>@@AEAV<lambda_38ce7e780aa69e748d6df282ebc68efe>@@$$QEAV<lambda_99fb1378e971ab6e7edea83e3a7a83a2>@@@Z 000000018002d1fc     libucrt:commit.obj
 0002:0000b220       $unwind$_write_nolock      000000018002d220     libucrt:write.obj
 0002:0000b238       $unwind$_write_internal    000000018002d238     libucrt:write.obj
 0002:0000b264       $unwind$?write_double_translated_ansi_nolock@@YA?AUwrite_result@?A0x17268360@@HQEBDIAEAV__crt_cached_ptd_host@@@Z 000000018002d264     libucrt:write.obj
 0002:0000b290       $ip2state$?write_double_translated_ansi_nolock@@YA?AUwrite_result@?A0x17268360@@HQEBDIAEAV__crt_cached_ptd_host@@@Z 000000018002d290     libucrt:write.obj
 0002:0000b298       $unwind$?write_text_ansi_nolock@@YA?AUwrite_result@?A0x17268360@@HQEBDI@Z 000000018002d298     libucrt:write.obj
 0002:0000b298       $unwind$?write_text_utf16le_nolock@@YA?AUwrite_result@?A0x17268360@@HQEBDI@Z 000000018002d298     libucrt:write.obj
 0002:0000b2b8       $unwind$?write_text_utf8_nolock@@YA?AUwrite_result@?A0x17268360@@HQEBDI@Z 000000018002d2b8     libucrt:write.obj
 0002:0000b2dc       $unwind$_fcloseall         000000018002d2dc     libucrt:closeall.obj
 0002:0000b300       $unwind$__acrt_fltout      000000018002d300     libucrt:cfout.obj
 0002:0000b324       $unwind$?divide@__crt_strtox@@YA_KAEAUbig_integer@1@AEBU21@@Z 000000018002d324     libucrt:cfout.obj
 0002:0000b33c       $chain$0$?divide@__crt_strtox@@YA_KAEAUbig_integer@1@AEBU21@@Z 000000018002d33c     libucrt:cfout.obj
 0002:0000b350       $chain$1$?divide@__crt_strtox@@YA_KAEAUbig_integer@1@AEBU21@@Z 000000018002d350     libucrt:cfout.obj
 0002:0000b360       $unwind$__acrt_locale_free_monetary 000000018002d360     libucrt:initmon.obj
 0002:0000b368       $unwind$__acrt_locale_free_time 000000018002d368     libucrt:inittime.obj
 0002:0000b378       $unwind$_guard_check_icall 000000018002d378     libucrt:checkcfg.obj
 0002:0000b384       $unwind$_putwch_nolock     000000018002d384     libucrt:putwch.obj
 0002:0000b38c       $unwind$?_fclose_nolock_internal@@YAHQEAU_iobuf@@AEAV__crt_cached_ptd_host@@@Z 000000018002d38c     libucrt:fclose.obj
 0002:0000b39c       $unwind$?_fclose_internal@@YAHQEAU_iobuf@@AEAV__crt_cached_ptd_host@@@Z 000000018002d39c     libucrt:fclose.obj
 0002:0000b3c0       $unwind$fesetenv           000000018002d3c0     libucrt:fesetenv.obj
 0002:0000b3d0       $xdatasym$log10            000000018002d3d0     libucrt:log10.obj
 0002:0000b3dc       $unwind$__acrt_fenv_set_control 000000018002d3dc     libucrt:_fenvutils.obj
 0002:0000b3e8       $chain$0$__acrt_fenv_set_control 000000018002d3e8     libucrt:_fenvutils.obj
 0002:0000b3fc       $chain$1$__acrt_fenv_set_control 000000018002d3fc     libucrt:_fenvutils.obj
 0002:0000b40c       $unwind$_close_internal    000000018002d40c     libucrt:close.obj
 0002:0000b414       $unwind$??$?RV<lambda_ad8af0d99a0adf03d037d7dffe354bb5>@@AEAV<lambda_c9ba49e555ba839a7b07aa3fbecb7617>@@V<lambda_2f1ebd5d68526518146ae959c9e734c8>@@@?$__crt_seh_guarded_call@H@@QEAAH$$QEAV<lambda_ad8af0d99a0adf03d037d7dffe354bb5>@@AEAV<lambda_c9ba49e555ba839a7b07aa3fbecb7617>@@$$QEAV<lambda_2f1ebd5d68526518146ae959c9e734c8>@@@Z 000000018002d414     libucrt:close.obj
 0002:0000b438       $unwind$common_control87   000000018002d438     libucrt:ieee.obj
 0002:0000b464       $unwind$_exception_enabled 000000018002d464     libucrt:libm_error.obj
 0002:0000b478       $chain$0$_exception_enabled 000000018002d478     libucrt:libm_error.obj
 0002:0000b48c       $chain$1$_exception_enabled 000000018002d48c     libucrt:libm_error.obj
 0002:0000b49c       $unwind$_handle_error      000000018002d49c     libucrt:libm_error.obj
 0002:0000b4b8       $unwind$__acrt_initialize_fma3 000000018002d4b8     libucrt:fma3_available.obj
 0002:0000b4c0       $unwind$_log_special_common 000000018002d4c0     libucrt:log_special.obj
 0002:0000b4cc       $unwind$_ctrlfp            000000018002d4cc     libucrt:fpctrl.obj
 0002:0000b4ec       $unwind$_raise_exc_ex      000000018002d4ec     libucrt:fpexcept.obj
 0002:0000b500       $unwind$_IsNonwritableInCurrentImage 000000018002d500     LIBCMT:pesect.obj
 0002:0000b524       $unwind$__GSHandlerCheckCommon 000000018002d524     LIBCMT:gshandler.obj
 0002:0000b530       $xdatasym                  000000018002d530     LIBCMT:amdsecgs.obj
 0002:0000b534       $unwind$__report_gsfailure 000000018002d534     LIBCMT:gs_report.obj
 0002:0000b53c       $unwind$capture_previous_context 000000018002d53c     LIBCMT:gs_report.obj
 0002:0000b548       $xdatasym                  000000018002d548     LIBCMT:chkstk.obj
 0002:0000bb70       .edata                     000000018002db70     PhysXCooking_64.exp
 0002:0000bb98       rgpv                       000000018002db98     PhysXCooking_64.exp
 0002:0000bc7c       rgszName                   000000018002dc7c     PhysXCooking_64.exp
 0002:0000bd60       rgwOrd                     000000018002dd60     PhysXCooking_64.exp
 0002:0000bdd2       szName                     000000018002ddd2     PhysXCooking_64.exp
 0002:0000bde6       $N00001                    000000018002dde6     PhysXCooking_64.exp
 0002:0000be0a       $N00002                    000000018002de0a     PhysXCooking_64.exp
 0002:0000be39       $N00003                    000000018002de39     PhysXCooking_64.exp
 0002:0000be60       $N00004                    000000018002de60     PhysXCooking_64.exp
 0002:0000beb7       $N00005                    000000018002deb7     PhysXCooking_64.exp
 0002:0000bee2       $N00006                    000000018002dee2     PhysXCooking_64.exp
 0002:0000bf08       $N00007                    000000018002df08     PhysXCooking_64.exp
 0002:0000bf27       $N00008                    000000018002df27     PhysXCooking_64.exp
 0002:0000bf4b       $N00009                    000000018002df4b     PhysXCooking_64.exp
 0002:0000bf72       $N00010                    000000018002df72     PhysXCooking_64.exp
 0002:0000bf9b       $N00011                    000000018002df9b     PhysXCooking_64.exp
 0002:0000bfba       $N00012                    000000018002dfba     PhysXCooking_64.exp
 0002:0000bfed       $N00013                    000000018002dfed     PhysXCooking_64.exp
 0002:0000c023       $N00014                    000000018002e023     PhysXCooking_64.exp
 0002:0000c05b       $N00015                    000000018002e05b     PhysXCooking_64.exp
 0002:0000c08d       $N00016                    000000018002e08d     PhysXCooking_64.exp
 0002:0000c0b9       $N00017                    000000018002e0b9     PhysXCooking_64.exp
 0002:0000c0d5       $N00018                    000000018002e0d5     PhysXCooking_64.exp
 0002:0000c0ff       $N00019                    000000018002e0ff     PhysXCooking_64.exp
 0002:0000c13b       $N00020                    000000018002e13b     PhysXCooking_64.exp
 0002:0000c176       $N00021                    000000018002e176     PhysXCooking_64.exp
 0002:0000c1b1       $N00022                    000000018002e1b1     PhysXCooking_64.exp
 0002:0000c1e6       $N00023                    000000018002e1e6     PhysXCooking_64.exp
 0002:0000c222       $N00024                    000000018002e222     PhysXCooking_64.exp
 0002:0000c255       $N00025                    000000018002e255     PhysXCooking_64.exp
 0002:0000c288       $N00026                    000000018002e288     PhysXCooking_64.exp
 0002:0000c2c2       $N00027                    000000018002e2c2     PhysXCooking_64.exp
 0002:0000c2fc       $N00028                    000000018002e2fc     PhysXCooking_64.exp
 0002:0000c329       $N00029                    000000018002e329     PhysXCooking_64.exp
 0002:0000c35c       $N00030                    000000018002e35c     PhysXCooking_64.exp
 0002:0000c38a       $N00031                    000000018002e38a     PhysXCooking_64.exp
 0002:0000c3b7       $N00032                    000000018002e3b7     PhysXCooking_64.exp
 0002:0000c3f3       $N00033                    000000018002e3f3     PhysXCooking_64.exp
 0002:0000c430       $N00034                    000000018002e430     PhysXCooking_64.exp
 0002:0000c460       $N00035                    000000018002e460     PhysXCooking_64.exp
 0002:0000c47f       $N00036                    000000018002e47f     PhysXCooking_64.exp
 0002:0000c496       $N00037                    000000018002e496     PhysXCooking_64.exp
 0002:0000c4ac       $N00038                    000000018002e4ac     PhysXCooking_64.exp
 0002:0000c4c3       $N00039                    000000018002e4c3     PhysXCooking_64.exp
 0002:0000c4db       $N00040                    000000018002e4db     PhysXCooking_64.exp
 0002:0000c4e5       $N00041                    000000018002e4e5     PhysXCooking_64.exp
 0002:0000c4f6       $N00042                    000000018002e4f6     PhysXCooking_64.exp
 0002:0000c511       $N00043                    000000018002e511     PhysXCooking_64.exp
 0002:0000c523       $N00044                    000000018002e523     PhysXCooking_64.exp
 0002:0000c539       $N00045                    000000018002e539     PhysXCooking_64.exp
 0002:0000c54c       $N00046                    000000018002e54c     PhysXCooking_64.exp
 0002:0000c558       $N00047                    000000018002e558     PhysXCooking_64.exp
 0002:0000c56c       $N00048                    000000018002e56c     PhysXCooking_64.exp
 0002:0000c57f       $N00049                    000000018002e57f     PhysXCooking_64.exp
 0002:0000c59c       $N00050                    000000018002e59c     PhysXCooking_64.exp
 0002:0000c5b0       $N00051                    000000018002e5b0     PhysXCooking_64.exp
 0002:0000c5c8       $N00052                    000000018002e5c8     PhysXCooking_64.exp
 0002:0000c5dd       $N00053                    000000018002e5dd     PhysXCooking_64.exp
 0002:0000c5fa       $N00054                    000000018002e5fa     PhysXCooking_64.exp
 0002:0000c61b       $N00055                    000000018002e61b     PhysXCooking_64.exp
 0002:0000c63a       $N00056                    000000018002e63a     PhysXCooking_64.exp
 0002:0000c64f       $N00057                    000000018002e64f     PhysXCooking_64.exp
 0002:0000c920       .idata$6                   000000018002e920     kernel32:KERNEL32.dll
 0003:000000b0       ?prefix@?1??getDimension@UnDecorator@@CA?AVDName@@_N@Z@4UStringLiteral@@A 000000018002f0b0     libvcruntime:undname.obj
 0003:000000c0       ?__vcrt_flsindex@@3KA      000000018002f0c0     libvcruntime:per_thread_data.obj
 0003:000000e0       ?__acrt_flsindex@@3KA      000000018002f0e0     libucrt:per_thread_data.obj
 0003:000000e4       ?errno_no_memory@@3HA      000000018002f0e4     libucrt:errno.obj
 0003:000000e8       ?doserrno_no_memory@@3KA   000000018002f0e8     libucrt:errno.obj
 0003:00000320       _mbctypes                  000000018002f320     libucrt:mbctype.obj
 0003:00000430       _mbcasemaps                000000018002f430     libucrt:mbctype.obj
 0003:00000530       ?__rgctypeflag@@3PADA      000000018002f530     libucrt:mbctype.obj
 0003:00000540       ?__rgcode_page_info@@3PAUcode_page_info@@A 000000018002f540     libucrt:mbctype.obj
 0003:00000a50       ?__dcrt_lowio_console_output_handle@@3PEAXEA 000000018002fa50     libucrt:initcon.obj
 0003:00000a58       ?dazSupported@?1??common_control87@@9@9 000000018002fa58     libucrt:ieee.obj
 0003:00000a60       ?dazSupported@?1??_ctrlfp@@9@9 000000018002fa60     libucrt:fpctrl.obj
 0003:00000d10       ?maxV3Error@vecMathTests@aos@physx@@3T__m128@@B 000000018002fd10     Cooking.obj
 0003:00000d20       ?minFError@vecMathTests@aos@physx@@3T__m128@@B 000000018002fd20     Cooking.obj
 0003:00000d30       ?maxV4Error@vecMathTests@aos@physx@@3T__m128@@B 000000018002fd30     Cooking.obj
 0003:00000d40       ?minV4Error@vecMathTests@aos@physx@@3T__m128@@B 000000018002fd40     Cooking.obj
 0003:00000d50       ?minV3Error@vecMathTests@aos@physx@@3T__m128@@B 000000018002fd50     Cooking.obj
 0003:00000d60       ?maxFError@vecMathTests@aos@physx@@3T__m128@@B 000000018002fd60     Cooking.obj
 0003:00000d70       ?gCookingDelayLoadHook@@3PEBVPxDelayLoadHook@physx@@EB 000000018002fd70     WindowsCookingDelayLoadHook.obj
 0003:00000dd0       ?__proc_attached@@3HA      000000018002fdd0     LIBCMT:dll_dllmain.obj
 0003:00000df8       ?is_initialized_as_dll@@3_NA 000000018002fdf8     LIBCMT:utility.obj
 0003:00000df9       ?module_local_atexit_table_initialized@@3_NA 000000018002fdf9     LIBCMT:utility.obj
 0003:00000e00       ?module_local_atexit_table@@3U_onexit_table_t@@A 000000018002fe00     LIBCMT:utility.obj
 0003:00000e18       ?module_local_at_quick_exit_table@@3U_onexit_table_t@@A 000000018002fe18     LIBCMT:utility.obj
 0003:00000e88       ?heap@@3V_HeapManager@@A   000000018002fe88     libvcruntime:undname.obj
 0003:00000eb0       ?__vcrt_startup_thread_ptd@@3U__vcrt_ptd@@A 000000018002feb0     libvcruntime:per_thread_data.obj
 0003:00000f30       __vcrt_lock_table          000000018002ff30     libvcruntime:locks.obj
 0003:00000f58       __vcrt_locks_initialized   000000018002ff58     libvcruntime:locks.obj
 0003:00000f60       ?module_handles@@3PAPEAUHINSTANCE__@@A 000000018002ff60     libvcruntime:winapi_downlevel.obj
 0003:00000f78       ?function_pointers@@3PAPEAXA 000000018002ff78     libvcruntime:winapi_downlevel.obj
 0003:00000fa0       ?c_termination_complete@@3JA 000000018002ffa0     libucrt:exit.obj
 0003:00000fa8       ?thread_local_exit_callback_func@@3P6AXPEAXK0@ZEA 000000018002ffa8     libucrt:exit.obj
 0003:00000fb0       ?c_exit_complete@?1???R<lambda_6e4b09c48022b2350581041d5f6b0c4c>@@QEBA@XZ@4_NA 000000018002ffb0     libucrt:exit.obj
 0003:00000fc0       ?program_name@?1???$common_configure_argv@D@@YAHW4_crt_argv_mode@@@Z@4PADA 000000018002ffc0     libucrt:argv_parsing.obj
 0003:00001120       ?__acrt_lock_table@@3PAU_RTL_CRITICAL_SECTION@@A 0000000180030120     libucrt:locks.obj
 0003:00001378       ?__acrt_locks_initialized@@3IA 0000000180030378     libucrt:locks.obj
 0003:00001380       ?__acrt_invalid_parameter_handler@@3V?$dual_state_global@P6AXPEB_W00I_K@Z@__crt_state_management@@A 0000000180030380     libucrt:invalid_parameter.obj
 0003:000013a0       ?fSystemSet@@3HA           00000001800303a0     libucrt:mbctype.obj
 0003:000013a4       ?initialized@?1??__acrt_initialize_multibyte@@9@4_NA 00000001800303a4     libucrt:mbctype.obj
 0003:000013e0       ?module_handles@@3PAPEAUHINSTANCE__@@A 00000001800303e0     libucrt:winapi_thunks.obj
 0003:000018a8       ?__acrt_new_handler@@3V?$dual_state_global@P6AH_K@Z@__crt_state_management@@A 00000001800308a8     libucrt:new_handler.obj
 0003:000018b0       ?ctrlc_action@@3V?$dual_state_global@P6AXH@Z@__crt_state_management@@A 00000001800308b0     libucrt:signal.obj
 0003:000018b8       ?ctrlbreak_action@@3V?$dual_state_global@P6AXH@Z@__crt_state_management@@A 00000001800308b8     libucrt:signal.obj
 0003:000018c0       ?abort_action@@3V?$dual_state_global@P6AXH@Z@__crt_state_management@@A 00000001800308c0     libucrt:signal.obj
 0003:000018c8       ?term_action@@3V?$dual_state_global@P6AXH@Z@__crt_state_management@@A 00000001800308c8     libucrt:signal.obj
 0003:000018d0       ?user_matherr@@3V?$dual_state_global@P6AHPEAU_exception@@@Z@__crt_state_management@@A 00000001800308d0     libucrt:matherr.obj
 0003:00001900       ?internal_state@?1??_mbtowc_internal@@9@4U_Mbstatet@@A 0000000180030900     libucrt:mbtowc.obj
 0003:00001908       ?internal_pst@?1??__mbrtoc32_utf8@__crt_mbstring@@YA_KPEA_UPEBD_KPEAU_Mbstatet@@AEAV__crt_cached_ptd_host@@@Z@4U3@A 0000000180030908     libucrt:mbrtoc32.obj
 0003:00001910       ?internal_pst@?1??__c16rtomb_utf8@__crt_mbstring@@YA_KPEAD_SPEAU_Mbstatet@@AEAV__crt_cached_ptd_host@@@Z@4U3@A 0000000180030910     libucrt:c16rtomb.obj
 0003:00001918       ?enable_percent_n@@3_KA    0000000180030918     libucrt:printf_count_output.obj
 0003:00001924       ?__acrt_global_new_mode@@3V?$dual_state_global@J@__crt_state_management@@A 0000000180030924     libucrt:new_mode.obj
 0003:00001930       ?__acrt_app_type@@3W4_crt_app_type@@A 0000000180030930     libucrt:report_runtime_error.obj
 0003:00001940       GS_ExceptionRecord         0000000180030940     LIBCMT:gs_report.obj
 0003:000019e0       GS_ContextRecord           00000001800309e0     LIBCMT:gs_report.obj
 0005:00000000       MoveSmall                  0000000180033000     libvcruntime:memcpy_avx_ermsb_aligned.obj
 0005:00000040       MoveSmallYmm               0000000180033040     libvcruntime:memcpy_avx_ermsb_aligned.obj
 0005:00000064       MoveSmallYmmNT             0000000180033064     libvcruntime:memcpy_avx_ermsb_aligned.obj
 0005:00000090       MoveSmall                  0000000180033090     libvcruntime:memcpy_avx_ermsb_aligned_amd.obj
 0005:000000d0       MoveSmallYmm               00000001800330d0     libvcruntime:memcpy_avx_ermsb_aligned_amd.obj
 0005:000000f4       MoveSmallYmmNT             00000001800330f4     libvcruntime:memcpy_avx_ermsb_aligned_amd.obj
 0005:00000120       MoveSmall                  0000000180033120     libvcruntime:memcpy_sse2_ermsb_aligned.obj
 0005:00000160       MoveSmallXmm               0000000180033160     libvcruntime:memcpy_sse2_ermsb_aligned.obj
 0005:00000190       MoveSmall                  0000000180033190     libvcruntime:memcpy_sse2_ermsb_aligned_amd.obj
 0005:000001d0       MoveSmallXmm               00000001800331d0     libvcruntime:memcpy_sse2_ermsb_aligned_amd.obj
 0006:00000000       ?function_pointers@@3PAPEAXA 0000000180034000     libucrt:winapi_thunks.obj
 0007:000000a0       $R000000                   00000001800350a0     PhysXCooking.res
 0007:000003d0       $R000330                   00000001800353d0     PhysXCooking.res
